main.c:83:16:platform_write	48	static
main.c:89:16:platform_read	48	static
main.c:95:5:_write	24	static
main.c:107:5:main	120	static
main.c:199:6:SystemClock_Config	96	static
main.c:243:13:MX_I2C1_Init	8	static
main.c:289:13:MX_USART2_UART_Init	8	static
main.c:324:13:MX_GPIO_Init	56	static
main.c:373:6:StartDefaultTask	16	static
main.c:391:6:StartVisualTask	16	static
main.c:424:6:StartAcceleroTask	40	static
main.c:467:6:HAL_TIM_PeriodElapsedCallback	16	static
main.c:484:6:Error_Handler	8	static
