Archive member included to satisfy reference by file (symbol)

c:/st/stm32cubeide_1.3.0/stm32cubeide/plugins/com.st.stm32cube.ide.mcu.externaltools.gnu-tools-for-stm32.7-2018-q2-update.win32_1.0.0.201904181610/tools/bin/../lib/gcc/arm-none-eabi/7.3.1/../../../../arm-none-eabi/lib/thumb/v7e-m/fpv4-sp/hard\libc_nano.a(lib_a-errno.o)
                              Core/Src/syscalls.o (__errno)
c:/st/stm32cubeide_1.3.0/stm32cubeide/plugins/com.st.stm32cube.ide.mcu.externaltools.gnu-tools-for-stm32.7-2018-q2-update.win32_1.0.0.201904181610/tools/bin/../lib/gcc/arm-none-eabi/7.3.1/../../../../arm-none-eabi/lib/thumb/v7e-m/fpv4-sp/hard\libc_nano.a(lib_a-exit.o)
                              c:/st/stm32cubeide_1.3.0/stm32cubeide/plugins/com.st.stm32cube.ide.mcu.externaltools.gnu-tools-for-stm32.7-2018-q2-update.win32_1.0.0.201904181610/tools/bin/../lib/gcc/arm-none-eabi/7.3.1/../../../../arm-none-eabi/lib/thumb/v7e-m/fpv4-sp/hard/crt0.o (exit)
c:/st/stm32cubeide_1.3.0/stm32cubeide/plugins/com.st.stm32cube.ide.mcu.externaltools.gnu-tools-for-stm32.7-2018-q2-update.win32_1.0.0.201904181610/tools/bin/../lib/gcc/arm-none-eabi/7.3.1/../../../../arm-none-eabi/lib/thumb/v7e-m/fpv4-sp/hard\libc_nano.a(lib_a-impure.o)
                              c:/st/stm32cubeide_1.3.0/stm32cubeide/plugins/com.st.stm32cube.ide.mcu.externaltools.gnu-tools-for-stm32.7-2018-q2-update.win32_1.0.0.201904181610/tools/bin/../lib/gcc/arm-none-eabi/7.3.1/../../../../arm-none-eabi/lib/thumb/v7e-m/fpv4-sp/hard\libc_nano.a(lib_a-exit.o) (_global_impure_ptr)
c:/st/stm32cubeide_1.3.0/stm32cubeide/plugins/com.st.stm32cube.ide.mcu.externaltools.gnu-tools-for-stm32.7-2018-q2-update.win32_1.0.0.201904181610/tools/bin/../lib/gcc/arm-none-eabi/7.3.1/../../../../arm-none-eabi/lib/thumb/v7e-m/fpv4-sp/hard\libc_nano.a(lib_a-init.o)
                              c:/st/stm32cubeide_1.3.0/stm32cubeide/plugins/com.st.stm32cube.ide.mcu.externaltools.gnu-tools-for-stm32.7-2018-q2-update.win32_1.0.0.201904181610/tools/bin/../lib/gcc/arm-none-eabi/7.3.1/../../../../arm-none-eabi/lib/thumb/v7e-m/fpv4-sp/hard/crt0.o (__libc_init_array)
c:/st/stm32cubeide_1.3.0/stm32cubeide/plugins/com.st.stm32cube.ide.mcu.externaltools.gnu-tools-for-stm32.7-2018-q2-update.win32_1.0.0.201904181610/tools/bin/../lib/gcc/arm-none-eabi/7.3.1/../../../../arm-none-eabi/lib/thumb/v7e-m/fpv4-sp/hard\libc_nano.a(lib_a-malloc.o)
                              Middlewares/ST/STM32_USB_Device_Library/Class/HID/Src/usbd_hid.o (malloc)
c:/st/stm32cubeide_1.3.0/stm32cubeide/plugins/com.st.stm32cube.ide.mcu.externaltools.gnu-tools-for-stm32.7-2018-q2-update.win32_1.0.0.201904181610/tools/bin/../lib/gcc/arm-none-eabi/7.3.1/../../../../arm-none-eabi/lib/thumb/v7e-m/fpv4-sp/hard\libc_nano.a(lib_a-memset.o)
                              c:/st/stm32cubeide_1.3.0/stm32cubeide/plugins/com.st.stm32cube.ide.mcu.externaltools.gnu-tools-for-stm32.7-2018-q2-update.win32_1.0.0.201904181610/tools/bin/../lib/gcc/arm-none-eabi/7.3.1/../../../../arm-none-eabi/lib/thumb/v7e-m/fpv4-sp/hard/crt0.o (memset)
c:/st/stm32cubeide_1.3.0/stm32cubeide/plugins/com.st.stm32cube.ide.mcu.externaltools.gnu-tools-for-stm32.7-2018-q2-update.win32_1.0.0.201904181610/tools/bin/../lib/gcc/arm-none-eabi/7.3.1/../../../../arm-none-eabi/lib/thumb/v7e-m/fpv4-sp/hard\libc_nano.a(lib_a-nano-freer.o)
                              c:/st/stm32cubeide_1.3.0/stm32cubeide/plugins/com.st.stm32cube.ide.mcu.externaltools.gnu-tools-for-stm32.7-2018-q2-update.win32_1.0.0.201904181610/tools/bin/../lib/gcc/arm-none-eabi/7.3.1/../../../../arm-none-eabi/lib/thumb/v7e-m/fpv4-sp/hard\libc_nano.a(lib_a-malloc.o) (_free_r)
c:/st/stm32cubeide_1.3.0/stm32cubeide/plugins/com.st.stm32cube.ide.mcu.externaltools.gnu-tools-for-stm32.7-2018-q2-update.win32_1.0.0.201904181610/tools/bin/../lib/gcc/arm-none-eabi/7.3.1/../../../../arm-none-eabi/lib/thumb/v7e-m/fpv4-sp/hard\libc_nano.a(lib_a-nano-mallocr.o)
                              c:/st/stm32cubeide_1.3.0/stm32cubeide/plugins/com.st.stm32cube.ide.mcu.externaltools.gnu-tools-for-stm32.7-2018-q2-update.win32_1.0.0.201904181610/tools/bin/../lib/gcc/arm-none-eabi/7.3.1/../../../../arm-none-eabi/lib/thumb/v7e-m/fpv4-sp/hard\libc_nano.a(lib_a-malloc.o) (_malloc_r)
c:/st/stm32cubeide_1.3.0/stm32cubeide/plugins/com.st.stm32cube.ide.mcu.externaltools.gnu-tools-for-stm32.7-2018-q2-update.win32_1.0.0.201904181610/tools/bin/../lib/gcc/arm-none-eabi/7.3.1/../../../../arm-none-eabi/lib/thumb/v7e-m/fpv4-sp/hard\libc_nano.a(lib_a-sbrkr.o)
                              c:/st/stm32cubeide_1.3.0/stm32cubeide/plugins/com.st.stm32cube.ide.mcu.externaltools.gnu-tools-for-stm32.7-2018-q2-update.win32_1.0.0.201904181610/tools/bin/../lib/gcc/arm-none-eabi/7.3.1/../../../../arm-none-eabi/lib/thumb/v7e-m/fpv4-sp/hard\libc_nano.a(lib_a-nano-mallocr.o) (_sbrk_r)
[...]
Memory Configuration

Name             Origin             Length             Attributes
CCMRAM           0x0000000010000000 0x0000000000010000 xrw
RAM              0x0000000020000000 0x0000000000030000 xrw
FLASH            0x0000000008000000 0x0000000000200000 xr
*default*        0x0000000000000000 0xffffffffffffffff

Linker script and memory map

LOAD c:/st/stm32cubeide_1.3.0/stm32cubeide/plugins/com.st.stm32cube.ide.mcu.externaltools.gnu-tools-for-stm32.7-2018-q2-update.win32_1.0.0.201904181610/tools/bin/../lib/gcc/arm-none-eabi/7.3.1/thumb/v7e-m/fpv4-sp/hard/crti.o
LOAD c:/st/stm32cubeide_1.3.0/stm32cubeide/plugins/com.st.stm32cube.ide.mcu.externaltools.gnu-tools-for-stm32.7-2018-q2-update.win32_1.0.0.201904181610/tools/bin/../lib/gcc/arm-none-eabi/7.3.1/thumb/v7e-m/fpv4-sp/hard/crtbegin.o
LOAD c:/st/stm32cubeide_1.3.0/stm32cubeide/plugins/com.st.stm32cube.ide.mcu.externaltools.gnu-tools-for-stm32.7-2018-q2-update.win32_1.0.0.201904181610/tools/bin/../lib/gcc/arm-none-eabi/7.3.1/../../../../arm-none-eabi/lib/thumb/v7e-m/fpv4-sp/hard/crt0.o
LOAD Core/Src/main.o
LOAD Core/Src/stm32f4xx_hal_msp.o
LOAD Core/Src/stm32f4xx_it.o
LOAD Core/Src/syscalls.o
LOAD Core/Src/sysmem.o
LOAD Core/Src/system_stm32f4xx.o
LOAD Core/Startup/startup_stm32f429zitx.o
LOAD Drivers/STM32F4xx_HAL_Driver/Src/stm32f4xx_hal.o
LOAD Drivers/STM32F4xx_HAL_Driver/Src/stm32f4xx_hal_cortex.o
LOAD Drivers/STM32F4xx_HAL_Driver/Src/stm32f4xx_hal_dma.o
LOAD Drivers/STM32F4xx_HAL_Driver/Src/stm32f4xx_hal_dma_ex.o
LOAD Drivers/STM32F4xx_HAL_Driver/Src/stm32f4xx_hal_exti.o
LOAD Drivers/STM32F4xx_HAL_Driver/Src/stm32f4xx_hal_flash.o
LOAD Drivers/STM32F4xx_HAL_Driver/Src/stm32f4xx_hal_flash_ex.o
LOAD Drivers/STM32F4xx_HAL_Driver/Src/stm32f4xx_hal_flash_ramfunc.o
LOAD Drivers/STM32F4xx_HAL_Driver/Src/stm32f4xx_hal_gpio.o
LOAD Drivers/STM32F4xx_HAL_Driver/Src/stm32f4xx_hal_pcd.o
LOAD Drivers/STM32F4xx_HAL_Driver/Src/stm32f4xx_hal_pcd_ex.o
LOAD Drivers/STM32F4xx_HAL_Driver/Src/stm32f4xx_hal_pwr.o
LOAD Drivers/STM32F4xx_HAL_Driver/Src/stm32f4xx_hal_pwr_ex.o
LOAD Drivers/STM32F4xx_HAL_Driver/Src/stm32f4xx_hal_rcc.o
LOAD Drivers/STM32F4xx_HAL_Driver/Src/stm32f4xx_hal_rcc_ex.o
LOAD Drivers/STM32F4xx_HAL_Driver/Src/stm32f4xx_hal_tim.o
LOAD Drivers/STM32F4xx_HAL_Driver/Src/stm32f4xx_hal_tim_ex.o
LOAD Drivers/STM32F4xx_HAL_Driver/Src/stm32f4xx_hal_uart.o
LOAD Drivers/STM32F4xx_HAL_Driver/Src/stm32f4xx_ll_usb.o
LOAD Middlewares/ST/STM32_USB_Device_Library/Class/HID/Src/usbd_hid.o
LOAD Middlewares/ST/STM32_USB_Device_Library/Core/Src/usbd_core.o
LOAD Middlewares/ST/STM32_USB_Device_Library/Core/Src/usbd_ctlreq.o
LOAD Middlewares/ST/STM32_USB_Device_Library/Core/Src/usbd_ioreq.o
LOAD USB_DEVICE/App/usb_device.o
LOAD USB_DEVICE/App/usbd_desc.o
LOAD USB_DEVICE/Target/usbd_conf.o
START GROUP
LOAD c:/st/stm32cubeide_1.3.0/stm32cubeide/plugins/com.st.stm32cube.ide.mcu.externaltools.gnu-tools-for-stm32.7-2018-q2-update.win32_1.0.0.201904181610/tools/bin/../lib/gcc/arm-none-eabi/7.3.1/../../../../arm-none-eabi/lib/thumb/v7e-m/fpv4-sp/hard\libc_nano.a
LOAD c:/st/stm32cubeide_1.3.0/stm32cubeide/plugins/com.st.stm32cube.ide.mcu.externaltools.gnu-tools-for-stm32.7-2018-q2-update.win32_1.0.0.201904181610/tools/bin/../lib/gcc/arm-none-eabi/7.3.1/../../../../arm-none-eabi/lib/thumb/v7e-m/fpv4-sp/hard\libm.a
END GROUP
START GROUP
LOAD c:/st/stm32cubeide_1.3.0/stm32cubeide/plugins/com.st.stm32cube.ide.mcu.externaltools.gnu-tools-for-stm32.7-2018-q2-update.win32_1.0.0.201904181610/tools/bin/../lib/gcc/arm-none-eabi/7.3.1/thumb/v7e-m/fpv4-sp/hard\libgcc.a
LOAD c:/st/stm32cubeide_1.3.0/stm32cubeide/plugins/com.st.stm32cube.ide.mcu.externaltools.gnu-tools-for-stm32.7-2018-q2-update.win32_1.0.0.201904181610/tools/bin/../lib/gcc/arm-none-eabi/7.3.1/../../../../arm-none-eabi/lib/thumb/v7e-m/fpv4-sp/hard\libc_nano.a
END GROUP
START GROUP
LOAD c:/st/stm32cubeide_1.3.0/stm32cubeide/plugins/com.st.stm32cube.ide.mcu.externaltools.gnu-tools-for-stm32.7-2018-q2-update.win32_1.0.0.201904181610/tools/bin/../lib/gcc/arm-none-eabi/7.3.1/thumb/v7e-m/fpv4-sp/hard\libgcc.a
LOAD c:/st/stm32cubeide_1.3.0/stm32cubeide/plugins/com.st.stm32cube.ide.mcu.externaltools.gnu-tools-for-stm32.7-2018-q2-update.win32_1.0.0.201904181610/tools/bin/../lib/gcc/arm-none-eabi/7.3.1/../../../../arm-none-eabi/lib/thumb/v7e-m/fpv4-sp/hard\libc_nano.a
LOAD c:/st/stm32cubeide_1.3.0/stm32cubeide/plugins/com.st.stm32cube.ide.mcu.externaltools.gnu-tools-for-stm32.7-2018-q2-update.win32_1.0.0.201904181610/tools/bin/../lib/gcc/arm-none-eabi/7.3.1/../../../../arm-none-eabi/lib/thumb/v7e-m/fpv4-sp/hard\libnosys.a
END GROUP
START GROUP
LOAD c:/st/stm32cubeide_1.3.0/stm32cubeide/plugins/com.st.stm32cube.ide.mcu.externaltools.gnu-tools-for-stm32.7-2018-q2-update.win32_1.0.0.201904181610/tools/bin/../lib/gcc/arm-none-eabi/7.3.1/thumb/v7e-m/fpv4-sp/hard\libgcc.a
LOAD c:/st/stm32cubeide_1.3.0/stm32cubeide/plugins/com.st.stm32cube.ide.mcu.externaltools.gnu-tools-for-stm32.7-2018-q2-update.win32_1.0.0.201904181610/tools/bin/../lib/gcc/arm-none-eabi/7.3.1/../../../../arm-none-eabi/lib/thumb/v7e-m/fpv4-sp/hard\libc_nano.a
LOAD c:/st/stm32cubeide_1.3.0/stm32cubeide/plugins/com.st.stm32cube.ide.mcu.externaltools.gnu-tools-for-stm32.7-2018-q2-update.win32_1.0.0.201904181610/tools/bin/../lib/gcc/arm-none-eabi/7.3.1/../../../../arm-none-eabi/lib/thumb/v7e-m/fpv4-sp/hard\libnosys.a
END GROUP
LOAD c:/st/stm32cubeide_1.3.0/stm32cubeide/plugins/com.st.stm32cube.ide.mcu.externaltools.gnu-tools-for-stm32.7-2018-q2-update.win32_1.0.0.201904181610/tools/bin/../lib/gcc/arm-none-eabi/7.3.1/thumb/v7e-m/fpv4-sp/hard/crtend.o
LOAD c:/st/stm32cubeide_1.3.0/stm32cubeide/plugins/com.st.stm32cube.ide.mcu.externaltools.gnu-tools-for-stm32.7-2018-q2-update.win32_1.0.0.201904181610/tools/bin/../lib/gcc/arm-none-eabi/7.3.1/thumb/v7e-m/fpv4-sp/hard/crtn.o
                0x0000000020030000                _estack = (ORIGIN (RAM) + LENGTH (RAM))
                0x0000000000000200                _Min_Heap_Size = 0x200
                0x0000000000000400                _Min_Stack_Size = 0x400

.isr_vector     0x0000000008000000      0x1ac
                0x0000000008000000                . = ALIGN (0x4)
 *(.isr_vector)
 .isr_vector    0x0000000008000000      0x1ac Core/Startup/startup_stm32f429zitx.o
                0x0000000008000000                g_pfnVectors
                0x00000000080001ac                . = ALIGN (0x4)

.text           0x00000000080001b0     0x604c
                0x00000000080001b0                . = ALIGN (0x4)
 *(.text)
 .text          0x00000000080001b0       0x40 c:/st/stm32cubeide_1.3.0/stm32cubeide/plugins/com.st.stm32cube.ide.mcu.externaltools.gnu-tools-for-stm32.7-2018-q2-update.win32_1.0.0.201904181610/tools/bin/../lib/gcc/arm-none-eabi/7.3.1/thumb/v7e-m/fpv4-sp/hard/crtbegin.o
 .text          0x00000000080001f0      0x378 c:/st/stm32cubeide_1.3.0/stm32cubeide/plugins/com.st.stm32cube.ide.mcu.externaltools.gnu-tools-for-stm32.7-2018-q2-update.win32_1.0.0.201904181610/tools/bin/../lib/gcc/arm-none-eabi/7.3.1/thumb/v7e-m/fpv4-sp/hard\libgcc.a(_arm_addsubdf3.o)
                0x00000000080001f0                __aeabi_drsub
                0x00000000080001f8                __aeabi_dsub
                0x00000000080001f8                __subdf3
                0x00000000080001fc                __aeabi_dadd
                0x00000000080001fc                __adddf3
                0x0000000008000474                __floatunsidf
                0x0000000008000474                __aeabi_ui2d
                0x0000000008000494                __floatsidf
                0x0000000008000494                __aeabi_i2d
                0x00000000080004b8                __aeabi_f2d
                0x00000000080004b8                __extendsfdf2
                0x00000000080004fc                __floatundidf
                0x00000000080004fc                __aeabi_ul2d
                0x000000000800050c                __floatdidf
                0x000000000800050c                __aeabi_l2d
 .text          0x0000000008000568      0x424 c:/st/stm32cubeide_1.3.0/stm32cubeide/plugins/com.st.stm32cube.ide.mcu.externaltools.gnu-tools-for-stm32.7-2018-q2-update.win32_1.0.0.201904181610/tools/bin/../lib/gcc/arm-none-eabi/7.3.1/thumb/v7e-m/fpv4-sp/hard\libgcc.a(_arm_muldivdf3.o)
                0x0000000008000568                __aeabi_dmul
                0x0000000008000568                __muldf3
                0x00000000080007bc                __divdf3
                0x00000000080007bc                __aeabi_ddiv
 .text          0x000000000800098c      0x110 c:/st/stm32cubeide_1.3.0/stm32cubeide/plugins/com.st.stm32cube.ide.mcu.externaltools.gnu-tools-for-stm32.7-2018-q2-update.win32_1.0.0.201904181610/tools/bin/../lib/gcc/arm-none-eabi/7.3.1/thumb/v7e-m/fpv4-sp/hard\libgcc.a(_arm_cmpdf2.o)
                0x000000000800098c                __gtdf2
                0x000000000800098c                __gedf2
                0x0000000008000994                __ltdf2
                0x0000000008000994                __ledf2
                0x000000000800099c                __nedf2
                0x000000000800099c                __eqdf2
                0x000000000800099c                __cmpdf2
                0x0000000008000a18                __aeabi_cdrcmple
                0x0000000008000a28                __aeabi_cdcmpeq
                0x0000000008000a28                __aeabi_cdcmple
                0x0000000008000a38                __aeabi_dcmpeq
                0x0000000008000a4c                __aeabi_dcmplt
                0x0000000008000a60                __aeabi_dcmple
                0x0000000008000a74                __aeabi_dcmpge
                0x0000000008000a88                __aeabi_dcmpgt
 .text          0x0000000008000a9c       0x50 c:/st/stm32cubeide_1.3.0/stm32cubeide/plugins/com.st.stm32cube.ide.mcu.externaltools.gnu-tools-for-stm32.7-2018-q2-update.win32_1.0.0.201904181610/tools/bin/../lib/gcc/arm-none-eabi/7.3.1/thumb/v7e-m/fpv4-sp/hard\libgcc.a(_arm_fixdfsi.o)
                0x0000000008000a9c                __aeabi_d2iz
                0x0000000008000a9c                __fixdfsi
 .text          0x0000000008000aec       0xa0 c:/st/stm32cubeide_1.3.0/stm32cubeide/plugins/com.st.stm32cube.ide.mcu.externaltools.gnu-tools-for-stm32.7-2018-q2-update.win32_1.0.0.201904181610/tools/bin/../lib/gcc/arm-none-eabi/7.3.1/thumb/v7e-m/fpv4-sp/hard\libgcc.a(_arm_truncdfsf2.o)
                0x0000000008000aec                __truncdfsf2
                0x0000000008000aec                __aeabi_d2f
 .text          0x0000000008000b8c       0x30 c:/st/stm32cubeide_1.3.0/stm32cubeide/plugins/com.st.stm32cube.ide.mcu.externaltools.gnu-tools-for-stm32.7-2018-q2-update.win32_1.0.0.201904181610/tools/bin/../lib/gcc/arm-none-eabi/7.3.1/thumb/v7e-m/fpv4-sp/hard\libgcc.a(_aeabi_uldivmod.o)
                0x0000000008000b8c                __aeabi_uldivmod
 .text          0x0000000008000bbc      0x2cc c:/st/stm32cubeide_1.3.0/stm32cubeide/plugins/com.st.stm32cube.ide.mcu.externaltools.gnu-tools-for-stm32.7-2018-q2-update.win32_1.0.0.201904181610/tools/bin/../lib/gcc/arm-none-eabi/7.3.1/thumb/v7e-m/fpv4-sp/hard\libgcc.a(_udivmoddi4.o)
                0x0000000008000bbc                __udivmoddi4
 .text          0x0000000008000e88        0x4 c:/st/stm32cubeide_1.3.0/stm32cubeide/plugins/com.st.stm32cube.ide.mcu.externaltools.gnu-tools-for-stm32.7-2018-q2-update.win32_1.0.0.201904181610/tools/bin/../lib/gcc/arm-none-eabi/7.3.1/thumb/v7e-m/fpv4-sp/hard\libgcc.a(_dvmd_tls.o)
                0x0000000008000e88                __aeabi_idiv0
                0x0000000008000e88                __aeabi_ldiv0
 *(.text*)
 .text.step     0x0000000008000e8c       0x54 Core/Src/main.o
                0x0000000008000e8c                step
 .text.circle_draw
                0x0000000008000ee0      0x164 Core/Src/main.o
                0x0000000008000ee0                circle_draw
 .text.main     0x0000000008001044       0x34 Core/Src/main.o
                0x0000000008001044                main
 .text.SystemClock_Config
                0x0000000008001078       0xd4 Core/Src/main.o
                0x0000000008001078                SystemClock_Config
 .text.MX_USART3_UART_Init
                0x000000000800114c       0x54 Core/Src/main.o
 .text.MX_GPIO_Init
                0x00000000080011a0      0x1e4 Core/Src/main.o
 .text.Error_Handler
                0x0000000008001384        0xe Core/Src/main.o
                0x0000000008001384                Error_Handler
 *fill*         0x0000000008001392        0x2 
 .text.HAL_MspInit
                0x0000000008001394       0x50 Core/Src/stm32f4xx_hal_msp.o
                0x0000000008001394                HAL_MspInit
 .text.HAL_UART_MspInit
                0x00000000080013e4       0x90 Core/Src/stm32f4xx_hal_msp.o
                0x00000000080013e4                HAL_UART_MspInit
 .text.NMI_Handler
                0x0000000008001474        0xe Core/Src/stm32f4xx_it.o
                0x0000000008001474                NMI_Handler
 .text.HardFault_Handler
                0x0000000008001482        0x6 Core/Src/stm32f4xx_it.o
                0x0000000008001482                HardFault_Handler
 .text.MemManage_Handler
                0x0000000008001488        0x6 Core/Src/stm32f4xx_it.o
                0x0000000008001488                MemManage_Handler
 .text.BusFault_Handler
                0x000000000800148e        0x6 Core/Src/stm32f4xx_it.o
                0x000000000800148e                BusFault_Handler
 .text.UsageFault_Handler
                0x0000000008001494        0x6 Core/Src/stm32f4xx_it.o
                0x0000000008001494                UsageFault_Handler
 .text.SVC_Handler
                0x000000000800149a        0xe Core/Src/stm32f4xx_it.o
                0x000000000800149a                SVC_Handler
 .text.DebugMon_Handler
                0x00000000080014a8        0xe Core/Src/stm32f4xx_it.o
                0x00000000080014a8                DebugMon_Handler
 .text.PendSV_Handler
                0x00000000080014b6        0xe Core/Src/stm32f4xx_it.o
                0x00000000080014b6                PendSV_Handler
 .text.SysTick_Handler
                0x00000000080014c4        0xc Core/Src/stm32f4xx_it.o
                0x00000000080014c4                SysTick_Handler
 .text._sbrk    0x00000000080014d0       0x58 Core/Src/sysmem.o
                0x00000000080014d0                _sbrk
 .text.SystemInit
                0x0000000008001528       0x2c Core/Src/system_stm32f4xx.o
                0x0000000008001528                SystemInit
 .text.Reset_Handler
                0x0000000008001554       0x50 Core/Startup/startup_stm32f429zitx.o
                0x0000000008001554                Reset_Handler
 .text.Default_Handler
                0x00000000080015a4        0x2 Core/Startup/startup_stm32f429zitx.o
                0x00000000080015a4                RTC_Alarm_IRQHandler
                0x00000000080015a4                HASH_RNG_IRQHandler
                0x00000000080015a4                EXTI2_IRQHandler
                0x00000000080015a4                TIM8_CC_IRQHandler
                0x00000000080015a4                UART8_IRQHandler
                0x00000000080015a4                SPI4_IRQHandler
                0x00000000080015a4                TIM1_CC_IRQHandler
                0x00000000080015a4                DMA2_Stream5_IRQHandler
                0x00000000080015a4                DMA1_Stream5_IRQHandler
                0x00000000080015a4                PVD_IRQHandler
                0x00000000080015a4                SDIO_IRQHandler
                0x00000000080015a4                TAMP_STAMP_IRQHandler
                0x00000000080015a4                CAN2_RX1_IRQHandler
                0x00000000080015a4                EXTI3_IRQHandler
                0x00000000080015a4                TIM8_TRG_COM_TIM14_IRQHandler
                0x00000000080015a4                TIM1_UP_TIM10_IRQHandler
                0x00000000080015a4                TIM8_UP_TIM13_IRQHandler
                0x00000000080015a4                I2C3_ER_IRQHandler
                0x00000000080015a4                EXTI0_IRQHandler
                0x00000000080015a4                I2C2_EV_IRQHandler
                0x00000000080015a4                DMA1_Stream2_IRQHandler
                0x00000000080015a4                CAN1_RX0_IRQHandler
                0x00000000080015a4                FPU_IRQHandler
                0x00000000080015a4                OTG_HS_WKUP_IRQHandler
                0x00000000080015a4                LTDC_ER_IRQHandler
                0x00000000080015a4                CAN2_SCE_IRQHandler
                0x00000000080015a4                DMA2_Stream2_IRQHandler
                0x00000000080015a4                SPI1_IRQHandler
                0x00000000080015a4                TIM6_DAC_IRQHandler
                0x00000000080015a4                TIM1_BRK_TIM9_IRQHandler
                0x00000000080015a4                DCMI_IRQHandler
                0x00000000080015a4                CAN2_RX0_IRQHandler
                0x00000000080015a4                DMA2_Stream3_IRQHandler
                0x00000000080015a4                USART6_IRQHandler
                0x00000000080015a4                USART3_IRQHandler
                0x00000000080015a4                CAN1_RX1_IRQHandler
                0x00000000080015a4                UART5_IRQHandler
                0x00000000080015a4                DMA2_Stream0_IRQHandler
                0x00000000080015a4                TIM4_IRQHandler
                0x00000000080015a4                I2C1_EV_IRQHandler
                0x00000000080015a4                DMA1_Stream6_IRQHandler
                0x00000000080015a4                DMA1_Stream1_IRQHandler
                0x00000000080015a4                UART4_IRQHandler
                0x00000000080015a4                TIM3_IRQHandler
                0x00000000080015a4                RCC_IRQHandler
                0x00000000080015a4                TIM8_BRK_TIM12_IRQHandler
                0x00000000080015a4                Default_Handler
                0x00000000080015a4                EXTI15_10_IRQHandler
                0x00000000080015a4                ADC_IRQHandler
                0x00000000080015a4                DMA1_Stream7_IRQHandler
                0x00000000080015a4                SPI5_IRQHandler
                0x00000000080015a4                TIM7_IRQHandler
                0x00000000080015a4                CAN2_TX_IRQHandler
                0x00000000080015a4                TIM5_IRQHandler
                0x00000000080015a4                DMA2_Stream7_IRQHandler
                0x00000000080015a4                I2C3_EV_IRQHandler
                0x00000000080015a4                EXTI9_5_IRQHandler
                0x00000000080015a4                RTC_WKUP_IRQHandler
                0x00000000080015a4                LTDC_IRQHandler
                0x00000000080015a4                ETH_WKUP_IRQHandler
                0x00000000080015a4                SPI2_IRQHandler
                0x00000000080015a4                OTG_HS_EP1_IN_IRQHandler
                0x00000000080015a4                DMA1_Stream0_IRQHandler
                0x00000000080015a4                CAN1_TX_IRQHandler
                0x00000000080015a4                EXTI4_IRQHandler
                0x00000000080015a4                ETH_IRQHandler
                0x00000000080015a4                OTG_HS_EP1_OUT_IRQHandler
                0x00000000080015a4                WWDG_IRQHandler
                0x00000000080015a4                SPI6_IRQHandler
                0x00000000080015a4                TIM2_IRQHandler
                0x00000000080015a4                OTG_FS_WKUP_IRQHandler
                0x00000000080015a4                TIM1_TRG_COM_TIM11_IRQHandler
                0x00000000080015a4                OTG_HS_IRQHandler
                0x00000000080015a4                DMA2D_IRQHandler
                0x00000000080015a4                EXTI1_IRQHandler
                0x00000000080015a4                UART7_IRQHandler
                0x00000000080015a4                USART2_IRQHandler
                0x00000000080015a4                I2C2_ER_IRQHandler
                0x00000000080015a4                DMA2_Stream1_IRQHandler
                0x00000000080015a4                CAN1_SCE_IRQHandler
                0x00000000080015a4                FLASH_IRQHandler
                0x00000000080015a4                DMA2_Stream4_IRQHandler
                0x00000000080015a4                USART1_IRQHandler
                0x00000000080015a4                OTG_FS_IRQHandler
                0x00000000080015a4                SPI3_IRQHandler
                0x00000000080015a4                DMA1_Stream4_IRQHandler
                0x00000000080015a4                I2C1_ER_IRQHandler
                0x00000000080015a4                FMC_IRQHandler
                0x00000000080015a4                DMA2_Stream6_IRQHandler
                0x00000000080015a4                SAI1_IRQHandler
                0x00000000080015a4                DMA1_Stream3_IRQHandler
 *fill*         0x00000000080015a6        0x2 
 .text.HAL_Init
                0x00000000080015a8       0x44 Drivers/STM32F4xx_HAL_Driver/Src/stm32f4xx_hal.o
                0x00000000080015a8                HAL_Init
 .text.HAL_InitTick
                0x00000000080015ec       0x60 Drivers/STM32F4xx_HAL_Driver/Src/stm32f4xx_hal.o
                0x00000000080015ec                HAL_InitTick
 .text.HAL_IncTick
                0x000000000800164c       0x28 Drivers/STM32F4xx_HAL_Driver/Src/stm32f4xx_hal.o
                0x000000000800164c                HAL_IncTick
 .text.HAL_GetTick
                0x0000000008001674       0x18 Drivers/STM32F4xx_HAL_Driver/Src/stm32f4xx_hal.o
                0x0000000008001674                HAL_GetTick
 .text.HAL_Delay
                0x000000000800168c       0x44 Drivers/STM32F4xx_HAL_Driver/Src/stm32f4xx_hal.o
                0x000000000800168c                HAL_Delay
 .text.__NVIC_SetPriorityGrouping
                0x00000000080016d0       0x48 Drivers/STM32F4xx_HAL_Driver/Src/stm32f4xx_hal_cortex.o
 .text.__NVIC_GetPriorityGrouping
                0x0000000008001718       0x1c Drivers/STM32F4xx_HAL_Driver/Src/stm32f4xx_hal_cortex.o
 .text.__NVIC_SetPriority
                0x0000000008001734       0x54 Drivers/STM32F4xx_HAL_Driver/Src/stm32f4xx_hal_cortex.o
 .text.NVIC_EncodePriority
                0x0000000008001788       0x66 Drivers/STM32F4xx_HAL_Driver/Src/stm32f4xx_hal_cortex.o
 *fill*         0x00000000080017ee        0x2 
 .text.SysTick_Config
                0x00000000080017f0       0x44 Drivers/STM32F4xx_HAL_Driver/Src/stm32f4xx_hal_cortex.o
 .text.HAL_NVIC_SetPriorityGrouping
                0x0000000008001834       0x16 Drivers/STM32F4xx_HAL_Driver/Src/stm32f4xx_hal_cortex.o
                0x0000000008001834                HAL_NVIC_SetPriorityGrouping
 .text.HAL_NVIC_SetPriority
                0x000000000800184a       0x38 Drivers/STM32F4xx_HAL_Driver/Src/stm32f4xx_hal_cortex.o
                0x000000000800184a                HAL_NVIC_SetPriority
 .text.HAL_SYSTICK_Config
                0x0000000008001882       0x18 Drivers/STM32F4xx_HAL_Driver/Src/stm32f4xx_hal_cortex.o
                0x0000000008001882                HAL_SYSTICK_Config
 *fill*         0x000000000800189a        0x2 
 .text.HAL_GPIO_Init
                0x000000000800189c      0x354 Drivers/STM32F4xx_HAL_Driver/Src/stm32f4xx_hal_gpio.o
                0x000000000800189c                HAL_GPIO_Init
 .text.HAL_GPIO_ReadPin
                0x0000000008001bf0       0x30 Drivers/STM32F4xx_HAL_Driver/Src/stm32f4xx_hal_gpio.o
                0x0000000008001bf0                HAL_GPIO_ReadPin
 .text.HAL_GPIO_WritePin
                0x0000000008001c20       0x32 Drivers/STM32F4xx_HAL_Driver/Src/stm32f4xx_hal_gpio.o
                0x0000000008001c20                HAL_GPIO_WritePin
 .text.HAL_PCD_Init
                0x0000000008001c52      0x23a Drivers/STM32F4xx_HAL_Driver/Src/stm32f4xx_hal_pcd.o
                0x0000000008001c52                HAL_PCD_Init
 .text.HAL_PCD_Start
                0x0000000008001e8c       0x66 Drivers/STM32F4xx_HAL_Driver/Src/stm32f4xx_hal_pcd.o
                0x0000000008001e8c                HAL_PCD_Start
 .text.HAL_PCD_EP_Open
                0x0000000008001ef2       0xd0 Drivers/STM32F4xx_HAL_Driver/Src/stm32f4xx_hal_pcd.o
                0x0000000008001ef2                HAL_PCD_EP_Open
 .text.HAL_PCD_EP_Close
                0x0000000008001fc2       0x94 Drivers/STM32F4xx_HAL_Driver/Src/stm32f4xx_hal_pcd.o
                0x0000000008001fc2                HAL_PCD_EP_Close
 .text.HAL_PCD_EP_Transmit
                0x0000000008002056       0x94 Drivers/STM32F4xx_HAL_Driver/Src/stm32f4xx_hal_pcd.o
                0x0000000008002056                HAL_PCD_EP_Transmit
 .text.HAL_PCD_EP_SetStall
                0x00000000080020ea       0xc8 Drivers/STM32F4xx_HAL_Driver/Src/stm32f4xx_hal_pcd.o
                0x00000000080020ea                HAL_PCD_EP_SetStall
 .text.HAL_PCDEx_SetTxFiFo
                0x00000000080021b2       0x8e Drivers/STM32F4xx_HAL_Driver/Src/stm32f4xx_hal_pcd_ex.o
                0x00000000080021b2                HAL_PCDEx_SetTxFiFo
 .text.HAL_PCDEx_SetRxFiFo
                0x0000000008002240       0x22 Drivers/STM32F4xx_HAL_Driver/Src/stm32f4xx_hal_pcd_ex.o
                0x0000000008002240                HAL_PCDEx_SetRxFiFo
 *fill*         0x0000000008002262        0x2 
 .text.HAL_RCC_OscConfig
                0x0000000008002264      0x4e0 Drivers/STM32F4xx_HAL_Driver/Src/stm32f4xx_hal_rcc.o
                0x0000000008002264                HAL_RCC_OscConfig
 .text.HAL_RCC_ClockConfig
                0x0000000008002744      0x1cc Drivers/STM32F4xx_HAL_Driver/Src/stm32f4xx_hal_rcc.o
                0x0000000008002744                HAL_RCC_ClockConfig
 .text.HAL_RCC_GetSysClockFreq
                0x0000000008002910      0x1b0 Drivers/STM32F4xx_HAL_Driver/Src/stm32f4xx_hal_rcc.o
                0x0000000008002910                HAL_RCC_GetSysClockFreq
 .text.HAL_RCC_GetHCLKFreq
                0x0000000008002ac0       0x18 Drivers/STM32F4xx_HAL_Driver/Src/stm32f4xx_hal_rcc.o
                0x0000000008002ac0                HAL_RCC_GetHCLKFreq
 .text.HAL_RCC_GetPCLK1Freq
                0x0000000008002ad8       0x28 Drivers/STM32F4xx_HAL_Driver/Src/stm32f4xx_hal_rcc.o
                0x0000000008002ad8                HAL_RCC_GetPCLK1Freq
 .text.HAL_RCC_GetPCLK2Freq
                0x0000000008002b00       0x28 Drivers/STM32F4xx_HAL_Driver/Src/stm32f4xx_hal_rcc.o
                0x0000000008002b00                HAL_RCC_GetPCLK2Freq
 .text.HAL_UART_Init
                0x0000000008002b28       0x9a Drivers/STM32F4xx_HAL_Driver/Src/stm32f4xx_hal_uart.o
                0x0000000008002b28                HAL_UART_Init
 *fill*         0x0000000008002bc2        0x2 
 .text.UART_SetConfig
                0x0000000008002bc4      0x6f8 Drivers/STM32F4xx_HAL_Driver/Src/stm32f4xx_hal_uart.o
 .text.USB_CoreInit
                0x00000000080032bc       0xc2 Drivers/STM32F4xx_HAL_Driver/Src/stm32f4xx_ll_usb.o
                0x00000000080032bc                USB_CoreInit
 .text.USB_EnableGlobalInt
                0x000000000800337e       0x22 Drivers/STM32F4xx_HAL_Driver/Src/stm32f4xx_ll_usb.o
                0x000000000800337e                USB_EnableGlobalInt
 .text.USB_DisableGlobalInt
                0x00000000080033a0       0x22 Drivers/STM32F4xx_HAL_Driver/Src/stm32f4xx_ll_usb.o
                0x00000000080033a0                USB_DisableGlobalInt
 .text.USB_SetCurrentMode
                0x00000000080033c2       0x54 Drivers/STM32F4xx_HAL_Driver/Src/stm32f4xx_ll_usb.o
                0x00000000080033c2                USB_SetCurrentMode
 *fill*         0x0000000008003416        0x2 
 .text.USB_DevInit
                0x0000000008003418      0x2c8 Drivers/STM32F4xx_HAL_Driver/Src/stm32f4xx_ll_usb.o
                0x0000000008003418                USB_DevInit
 .text.USB_FlushTxFifo
                0x00000000080036e0       0x4c Drivers/STM32F4xx_HAL_Driver/Src/stm32f4xx_ll_usb.o
                0x00000000080036e0                USB_FlushTxFifo
 .text.USB_FlushRxFifo
                0x000000000800372c       0x44 Drivers/STM32F4xx_HAL_Driver/Src/stm32f4xx_ll_usb.o
                0x000000000800372c                USB_FlushRxFifo
 .text.USB_SetDevSpeed
                0x0000000008003770       0x32 Drivers/STM32F4xx_HAL_Driver/Src/stm32f4xx_ll_usb.o
                0x0000000008003770                USB_SetDevSpeed
 .text.USB_ActivateEndpoint
                0x00000000080037a2      0x10e Drivers/STM32F4xx_HAL_Driver/Src/stm32f4xx_ll_usb.o
                0x00000000080037a2                USB_ActivateEndpoint
 .text.USB_DeactivateEndpoint
                0x00000000080038b0      0x1b8 Drivers/STM32F4xx_HAL_Driver/Src/stm32f4xx_ll_usb.o
                0x00000000080038b0                USB_DeactivateEndpoint
 .text.USB_EPStartXfer
                0x0000000008003a68      0x488 Drivers/STM32F4xx_HAL_Driver/Src/stm32f4xx_ll_usb.o
                0x0000000008003a68                USB_EPStartXfer
 .text.USB_EP0StartXfer
                0x0000000008003ef0      0x2a6 Drivers/STM32F4xx_HAL_Driver/Src/stm32f4xx_ll_usb.o
                0x0000000008003ef0                USB_EP0StartXfer
 .text.USB_WritePacket
                0x0000000008004196       0x6a Drivers/STM32F4xx_HAL_Driver/Src/stm32f4xx_ll_usb.o
                0x0000000008004196                USB_WritePacket
 .text.USB_EPSetStall
                0x0000000008004200       0xdc Drivers/STM32F4xx_HAL_Driver/Src/stm32f4xx_ll_usb.o
                0x0000000008004200                USB_EPSetStall
 .text.USB_DevConnect
                0x00000000080042dc       0x30 Drivers/STM32F4xx_HAL_Driver/Src/stm32f4xx_ll_usb.o
                0x00000000080042dc                USB_DevConnect
 .text.USB_DevDisconnect
                0x000000000800430c       0x30 Drivers/STM32F4xx_HAL_Driver/Src/stm32f4xx_ll_usb.o
                0x000000000800430c                USB_DevDisconnect
 .text.USB_EP0_OutStart
                0x000000000800433c       0xbc Drivers/STM32F4xx_HAL_Driver/Src/stm32f4xx_ll_usb.o
                0x000000000800433c                USB_EP0_OutStart
 .text.USB_CoreReset
                0x00000000080043f8       0x68 Drivers/STM32F4xx_HAL_Driver/Src/stm32f4xx_ll_usb.o
 .text.USBD_HID_Init
                0x0000000008004460       0x68 Middlewares/ST/STM32_USB_Device_Library/Class/HID/Src/usbd_hid.o
 .text.USBD_HID_DeInit
                0x00000000080044c8       0x48 Middlewares/ST/STM32_USB_Device_Library/Class/HID/Src/usbd_hid.o
 .text.USBD_HID_Setup
                0x0000000008004510      0x1f4 Middlewares/ST/STM32_USB_Device_Library/Class/HID/Src/usbd_hid.o
 .text.USBD_HID_SendReport
                0x0000000008004704       0x44 Middlewares/ST/STM32_USB_Device_Library/Class/HID/Src/usbd_hid.o
                0x0000000008004704                USBD_HID_SendReport
 .text.USBD_HID_GetPollingInterval
                0x0000000008004748       0x28 Middlewares/ST/STM32_USB_Device_Library/Class/HID/Src/usbd_hid.o
                0x0000000008004748                USBD_HID_GetPollingInterval
 .text.USBD_HID_GetFSCfgDesc
                0x0000000008004770       0x20 Middlewares/ST/STM32_USB_Device_Library/Class/HID/Src/usbd_hid.o
 .text.USBD_HID_GetHSCfgDesc
                0x0000000008004790       0x20 Middlewares/ST/STM32_USB_Device_Library/Class/HID/Src/usbd_hid.o
 .text.USBD_HID_GetOtherSpeedCfgDesc
                0x00000000080047b0       0x20 Middlewares/ST/STM32_USB_Device_Library/Class/HID/Src/usbd_hid.o
 .text.USBD_HID_DataIn
                0x00000000080047d0       0x24 Middlewares/ST/STM32_USB_Device_Library/Class/HID/Src/usbd_hid.o
 .text.USBD_HID_GetDeviceQualifierDesc
                0x00000000080047f4       0x20 Middlewares/ST/STM32_USB_Device_Library/Class/HID/Src/usbd_hid.o
 .text.USBD_Init
                0x0000000008004814       0x6c Middlewares/ST/STM32_USB_Device_Library/Core/Src/usbd_core.o
                0x0000000008004814                USBD_Init
 .text.USBD_RegisterClass
                0x0000000008004880       0x42 Middlewares/ST/STM32_USB_Device_Library/Core/Src/usbd_core.o
                0x0000000008004880                USBD_RegisterClass
 .text.USBD_Start
                0x00000000080048c2       0x18 Middlewares/ST/STM32_USB_Device_Library/Core/Src/usbd_core.o
                0x00000000080048c2                USBD_Start
 .text.USBD_CtlError
                0x00000000080048da       0x22 Middlewares/ST/STM32_USB_Device_Library/Core/Src/usbd_ctlreq.o
                0x00000000080048da                USBD_CtlError
 .text.USBD_GetString
                0x00000000080048fc       0x8c Middlewares/ST/STM32_USB_Device_Library/Core/Src/usbd_ctlreq.o
                0x00000000080048fc                USBD_GetString
 .text.USBD_GetLen
                0x0000000008004988       0x34 Middlewares/ST/STM32_USB_Device_Library/Core/Src/usbd_ctlreq.o
 .text.USBD_CtlSendData
                0x00000000080049bc       0x36 Middlewares/ST/STM32_USB_Device_Library/Core/Src/usbd_ioreq.o
                0x00000000080049bc                USBD_CtlSendData
 *fill*         0x00000000080049f2        0x2 
 .text.MX_USB_DEVICE_Init
                0x00000000080049f4       0x4c USB_DEVICE/App/usb_device.o
                0x00000000080049f4                MX_USB_DEVICE_Init
 .text.USBD_FS_DeviceDescriptor
                0x0000000008004a40       0x24 USB_DEVICE/App/usbd_desc.o
                0x0000000008004a40                USBD_FS_DeviceDescriptor
 .text.USBD_FS_LangIDStrDescriptor
                0x0000000008004a64       0x24 USB_DEVICE/App/usbd_desc.o
                0x0000000008004a64                USBD_FS_LangIDStrDescriptor
 .text.USBD_FS_ProductStrDescriptor
                0x0000000008004a88       0x3c USB_DEVICE/App/usbd_desc.o
                0x0000000008004a88                USBD_FS_ProductStrDescriptor
 .text.USBD_FS_ManufacturerStrDescriptor
                0x0000000008004ac4       0x28 USB_DEVICE/App/usbd_desc.o
                0x0000000008004ac4                USBD_FS_ManufacturerStrDescriptor
 .text.USBD_FS_SerialStrDescriptor
                0x0000000008004aec       0x24 USB_DEVICE/App/usbd_desc.o
                0x0000000008004aec                USBD_FS_SerialStrDescriptor
 .text.USBD_FS_ConfigStrDescriptor
                0x0000000008004b10       0x3c USB_DEVICE/App/usbd_desc.o
                0x0000000008004b10                USBD_FS_ConfigStrDescriptor
 .text.USBD_FS_InterfaceStrDescriptor
                0x0000000008004b4c       0x3c USB_DEVICE/App/usbd_desc.o
                0x0000000008004b4c                USBD_FS_InterfaceStrDescriptor
 .text.Get_SerialNum
                0x0000000008004b88       0x58 USB_DEVICE/App/usbd_desc.o
 .text.IntToUnicode
                0x0000000008004be0       0x7c USB_DEVICE/App/usbd_desc.o
 .text.HAL_PCD_MspInit
                0x0000000008004c5c       0xb4 USB_DEVICE/Target/usbd_conf.o
                0x0000000008004c5c                HAL_PCD_MspInit
 .text.USBD_LL_Init
                0x0000000008004d10       0x98 USB_DEVICE/Target/usbd_conf.o
                0x0000000008004d10                USBD_LL_Init
 .text.USBD_LL_Start
                0x0000000008004da8       0x36 USB_DEVICE/Target/usbd_conf.o
                0x0000000008004da8                USBD_LL_Start
 .text.USBD_LL_OpenEP
                0x0000000008004dde       0x4c USB_DEVICE/Target/usbd_conf.o
                0x0000000008004dde                USBD_LL_OpenEP
 .text.USBD_LL_CloseEP
                0x0000000008004e2a       0x3e USB_DEVICE/Target/usbd_conf.o
                0x0000000008004e2a                USBD_LL_CloseEP
 .text.USBD_LL_StallEP
                0x0000000008004e68       0x3e USB_DEVICE/Target/usbd_conf.o
                0x0000000008004e68                USBD_LL_StallEP
 .text.USBD_LL_Transmit
                0x0000000008004ea6       0x42 USB_DEVICE/Target/usbd_conf.o
                0x0000000008004ea6                USBD_LL_Transmit
 .text.USBD_Get_USB_Status
                0x0000000008004ee8       0x58 USB_DEVICE/Target/usbd_conf.o
                0x0000000008004ee8                USBD_Get_USB_Status
 .text.__errno  0x0000000008004f40        0xc c:/st/stm32cubeide_1.3.0/stm32cubeide/plugins/com.st.stm32cube.ide.mcu.externaltools.gnu-tools-for-stm32.7-2018-q2-update.win32_1.0.0.201904181610/tools/bin/../lib/gcc/arm-none-eabi/7.3.1/../../../../arm-none-eabi/lib/thumb/v7e-m/fpv4-sp/hard\libc_nano.a(lib_a-errno.o)
                0x0000000008004f40                __errno
 .text.__libc_init_array
                0x0000000008004f4c       0x48 c:/st/stm32cubeide_1.3.0/stm32cubeide/plugins/com.st.stm32cube.ide.mcu.externaltools.gnu-tools-for-stm32.7-2018-q2-update.win32_1.0.0.201904181610/tools/bin/../lib/gcc/arm-none-eabi/7.3.1/../../../../arm-none-eabi/lib/thumb/v7e-m/fpv4-sp/hard\libc_nano.a(lib_a-init.o)
                0x0000000008004f4c                __libc_init_array
 .text.malloc   0x0000000008004f94       0x10 c:/st/stm32cubeide_1.3.0/stm32cubeide/plugins/com.st.stm32cube.ide.mcu.externaltools.gnu-tools-for-stm32.7-2018-q2-update.win32_1.0.0.201904181610/tools/bin/../lib/gcc/arm-none-eabi/7.3.1/../../../../arm-none-eabi/lib/thumb/v7e-m/fpv4-sp/hard\libc_nano.a(lib_a-malloc.o)
                0x0000000008004f94                malloc
 .text.free     0x0000000008004fa4       0x10 c:/st/stm32cubeide_1.3.0/stm32cubeide/plugins/com.st.stm32cube.ide.mcu.externaltools.gnu-tools-for-stm32.7-2018-q2-update.win32_1.0.0.201904181610/tools/bin/../lib/gcc/arm-none-eabi/7.3.1/../../../../arm-none-eabi/lib/thumb/v7e-m/fpv4-sp/hard\libc_nano.a(lib_a-malloc.o)
                0x0000000008004fa4                free
 .text.memset   0x0000000008004fb4       0x10 c:/st/stm32cubeide_1.3.0/stm32cubeide/plugins/com.st.stm32cube.ide.mcu.externaltools.gnu-tools-for-stm32.7-2018-q2-update.win32_1.0.0.201904181610/tools/bin/../lib/gcc/arm-none-eabi/7.3.1/../../../../arm-none-eabi/lib/thumb/v7e-m/fpv4-sp/hard\libc_nano.a(lib_a-memset.o)
                0x0000000008004fb4                memset
 .text._free_r  0x0000000008004fc4       0x9c c:/st/stm32cubeide_1.3.0/stm32cubeide/plugins/com.st.stm32cube.ide.mcu.externaltools.gnu-tools-for-stm32.7-2018-q2-update.win32_1.0.0.201904181610/tools/bin/../lib/gcc/arm-none-eabi/7.3.1/../../../../arm-none-eabi/lib/thumb/v7e-m/fpv4-sp/hard\libc_nano.a(lib_a-nano-freer.o)
                0x0000000008004fc4                _free_r
 .text._malloc_r
                0x0000000008005060       0xb4 c:/st/stm32cubeide_1.3.0/stm32cubeide/plugins/com.st.stm32cube.ide.mcu.externaltools.gnu-tools-for-stm32.7-2018-q2-update.win32_1.0.0.201904181610/tools/bin/../lib/gcc/arm-none-eabi/7.3.1/../../../../arm-none-eabi/lib/thumb/v7e-m/fpv4-sp/hard\libc_nano.a(lib_a-nano-mallocr.o)
                0x0000000008005060                _malloc_r
 .text._sbrk_r  0x0000000008005114       0x20 c:/st/stm32cubeide_1.3.0/stm32cubeide/plugins/com.st.stm32cube.ide.mcu.externaltools.gnu-tools-for-stm32.7-2018-q2-update.win32_1.0.0.201904181610/tools/bin/../lib/gcc/arm-none-eabi/7.3.1/../../../../arm-none-eabi/lib/thumb/v7e-m/fpv4-sp/hard\libc_nano.a(lib_a-sbrkr.o)
                0x0000000008005114                _sbrk_r
 .text.__malloc_lock
                0x0000000008005134        0x2 c:/st/stm32cubeide_1.3.0/stm32cubeide/plugins/com.st.stm32cube.ide.mcu.externaltools.gnu-tools-for-stm32.7-2018-q2-update.win32_1.0.0.201904181610/tools/bin/../lib/gcc/arm-none-eabi/7.3.1/../../../../arm-none-eabi/lib/thumb/v7e-m/fpv4-sp/hard\libc_nano.a(lib_a-mlock.o)
                0x0000000008005134                __malloc_lock
 .text.__malloc_unlock
                0x0000000008005136        0x2 c:/st/stm32cubeide_1.3.0/stm32cubeide/plugins/com.st.stm32cube.ide.mcu.externaltools.gnu-tools-for-stm32.7-2018-q2-update.win32_1.0.0.201904181610/tools/bin/../lib/gcc/arm-none-eabi/7.3.1/../../../../arm-none-eabi/lib/thumb/v7e-m/fpv4-sp/hard\libc_nano.a(lib_a-mlock.o)
                0x0000000008005136                __malloc_unlock
 .text.cos      0x0000000008005138       0x88 c:/st/stm32cubeide_1.3.0/stm32cubeide/plugins/com.st.stm32cube.ide.mcu.externaltools.gnu-tools-for-stm32.7-2018-q2-update.win32_1.0.0.201904181610/tools/bin/../lib/gcc/arm-none-eabi/7.3.1/../../../../arm-none-eabi/lib/thumb/v7e-m/fpv4-sp/hard\libm.a(lib_a-s_cos.o)
                0x0000000008005138                cos
 .text.sin      0x00000000080051c0       0x90 c:/st/stm32cubeide_1.3.0/stm32cubeide/plugins/com.st.stm32cube.ide.mcu.externaltools.gnu-tools-for-stm32.7-2018-q2-update.win32_1.0.0.201904181610/tools/bin/../lib/gcc/arm-none-eabi/7.3.1/../../../../arm-none-eabi/lib/thumb/v7e-m/fpv4-sp/hard\libm.a(lib_a-s_sin.o)
                0x00000000080051c0                sin
 .text.__ieee754_rem_pio2
                0x0000000008005250      0x3e4 c:/st/stm32cubeide_1.3.0/stm32cubeide/plugins/com.st.stm32cube.ide.mcu.externaltools.gnu-tools-for-stm32.7-2018-q2-update.win32_1.0.0.201904181610/tools/bin/../lib/gcc/arm-none-eabi/7.3.1/../../../../arm-none-eabi/lib/thumb/v7e-m/fpv4-sp/hard\libm.a(lib_a-e_rem_pio2.o)
                0x0000000008005250                __ieee754_rem_pio2
 *fill*         0x0000000008005634        0x4 
 .text.__kernel_cos
                0x0000000008005638      0x18c c:/st/stm32cubeide_1.3.0/stm32cubeide/plugins/com.st.stm32cube.ide.mcu.externaltools.gnu-tools-for-stm32.7-2018-q2-update.win32_1.0.0.201904181610/tools/bin/../lib/gcc/arm-none-eabi/7.3.1/../../../../arm-none-eabi/lib/thumb/v7e-m/fpv4-sp/hard\libm.a(lib_a-k_cos.o)
                0x0000000008005638                __kernel_cos
 *fill*         0x00000000080057c4        0x4 
 .text.__kernel_rem_pio2
                0x00000000080057c8      0x680 c:/st/stm32cubeide_1.3.0/stm32cubeide/plugins/com.st.stm32cube.ide.mcu.externaltools.gnu-tools-for-stm32.7-2018-q2-update.win32_1.0.0.201904181610/tools/bin/../lib/gcc/arm-none-eabi/7.3.1/../../../../arm-none-eabi/lib/thumb/v7e-m/fpv4-sp/hard\libm.a(lib_a-k_rem_pio2.o)
                0x00000000080057c8                __kernel_rem_pio2
 .text.__kernel_sin
                0x0000000008005e48      0x174 c:/st/stm32cubeide_1.3.0/stm32cubeide/plugins/com.st.stm32cube.ide.mcu.externaltools.gnu-tools-for-stm32.7-2018-q2-update.win32_1.0.0.201904181610/tools/bin/../lib/gcc/arm-none-eabi/7.3.1/../../../../arm-none-eabi/lib/thumb/v7e-m/fpv4-sp/hard\libm.a(lib_a-k_sin.o)
                0x0000000008005e48                __kernel_sin
 .text.fabs     0x0000000008005fbc       0x12 c:/st/stm32cubeide_1.3.0/stm32cubeide/plugins/com.st.stm32cube.ide.mcu.externaltools.gnu-tools-for-stm32.7-2018-q2-update.win32_1.0.0.201904181610/tools/bin/../lib/gcc/arm-none-eabi/7.3.1/../../../../arm-none-eabi/lib/thumb/v7e-m/fpv4-sp/hard\libm.a(lib_a-s_fabs.o)
                0x0000000008005fbc                fabs
 *fill*         0x0000000008005fce        0x2 
 .text.floor    0x0000000008005fd0      0x108 c:/st/stm32cubeide_1.3.0/stm32cubeide/plugins/com.st.stm32cube.ide.mcu.externaltools.gnu-tools-for-stm32.7-2018-q2-update.win32_1.0.0.201904181610/tools/bin/../lib/gcc/arm-none-eabi/7.3.1/../../../../arm-none-eabi/lib/thumb/v7e-m/fpv4-sp/hard\libm.a(lib_a-s_floor.o)
                0x0000000008005fd0                floor
 .text.scalbn   0x00000000080060d8       0xec c:/st/stm32cubeide_1.3.0/stm32cubeide/plugins/com.st.stm32cube.ide.mcu.externaltools.gnu-tools-for-stm32.7-2018-q2-update.win32_1.0.0.201904181610/tools/bin/../lib/gcc/arm-none-eabi/7.3.1/../../../../arm-none-eabi/lib/thumb/v7e-m/fpv4-sp/hard\libm.a(lib_a-s_scalbn.o)
                0x00000000080060d8                scalbn
 .text.copysign
                0x00000000080061c4       0x1e c:/st/stm32cubeide_1.3.0/stm32cubeide/plugins/com.st.stm32cube.ide.mcu.externaltools.gnu-tools-for-stm32.7-2018-q2-update.win32_1.0.0.201904181610/tools/bin/../lib/gcc/arm-none-eabi/7.3.1/../../../../arm-none-eabi/lib/thumb/v7e-m/fpv4-sp/hard\libm.a(lib_a-s_copysign.o)
                0x00000000080061c4                copysign
 *(.glue_7)
 .glue_7        0x00000000080061e2        0x0 linker stubs
 *(.glue_7t)
 .glue_7t       0x00000000080061e2        0x0 linker stubs
 *(.eh_frame)
 *fill*         0x00000000080061e2        0x2 
 .eh_frame      0x00000000080061e4        0x0 c:/st/stm32cubeide_1.3.0/stm32cubeide/plugins/com.st.stm32cube.ide.mcu.externaltools.gnu-tools-for-stm32.7-2018-q2-update.win32_1.0.0.201904181610/tools/bin/../lib/gcc/arm-none-eabi/7.3.1/thumb/v7e-m/fpv4-sp/hard/crtbegin.o
 *(.init)
 .init          0x00000000080061e4        0x4 c:/st/stm32cubeide_1.3.0/stm32cubeide/plugins/com.st.stm32cube.ide.mcu.externaltools.gnu-tools-for-stm32.7-2018-q2-update.win32_1.0.0.201904181610/tools/bin/../lib/gcc/arm-none-eabi/7.3.1/thumb/v7e-m/fpv4-sp/hard/crti.o
                0x00000000080061e4                _init
 .init          0x00000000080061e8        0x8 c:/st/stm32cubeide_1.3.0/stm32cubeide/plugins/com.st.stm32cube.ide.mcu.externaltools.gnu-tools-for-stm32.7-2018-q2-update.win32_1.0.0.201904181610/tools/bin/../lib/gcc/arm-none-eabi/7.3.1/thumb/v7e-m/fpv4-sp/hard/crtn.o
 *(.fini)
 .fini          0x00000000080061f0        0x4 c:/st/stm32cubeide_1.3.0/stm32cubeide/plugins/com.st.stm32cube.ide.mcu.externaltools.gnu-tools-for-stm32.7-2018-q2-update.win32_1.0.0.201904181610/tools/bin/../lib/gcc/arm-none-eabi/7.3.1/thumb/v7e-m/fpv4-sp/hard/crti.o
                0x00000000080061f0                _fini
 .fini          0x00000000080061f4        0x8 c:/st/stm32cubeide_1.3.0/stm32cubeide/plugins/com.st.stm32cube.ide.mcu.externaltools.gnu-tools-for-stm32.7-2018-q2-update.win32_1.0.0.201904181610/tools/bin/../lib/gcc/arm-none-eabi/7.3.1/thumb/v7e-m/fpv4-sp/hard/crtn.o
                0x00000000080061fc                . = ALIGN (0x4)
                0x00000000080061fc                _etext = .

.vfp11_veneer   0x00000000080061fc        0x0
 .vfp11_veneer  0x00000000080061fc        0x0 linker stubs

.v4_bx          0x00000000080061fc        0x0
 .v4_bx         0x00000000080061fc        0x0 linker stubs

.iplt           0x00000000080061fc        0x0
 .iplt          0x00000000080061fc        0x0 c:/st/stm32cubeide_1.3.0/stm32cubeide/plugins/com.st.stm32cube.ide.mcu.externaltools.gnu-tools-for-stm32.7-2018-q2-update.win32_1.0.0.201904181610/tools/bin/../lib/gcc/arm-none-eabi/7.3.1/thumb/v7e-m/fpv4-sp/hard/crtbegin.o

.rodata         0x0000000008006200      0x238
                0x0000000008006200                . = ALIGN (0x4)
 *(.rodata)
 .rodata        0x0000000008006200       0x46 USB_DEVICE/App/usbd_desc.o
 *(.rodata*)
 *fill*         0x0000000008006246        0x2 
 .rodata.AHBPrescTable
                0x0000000008006248       0x10 Core/Src/system_stm32f4xx.o
                0x0000000008006248                AHBPrescTable
 .rodata.APBPrescTable
                0x0000000008006258        0x8 Core/Src/system_stm32f4xx.o
                0x0000000008006258                APBPrescTable
 .rodata.npio2_hw
                0x0000000008006260       0x80 c:/st/stm32cubeide_1.3.0/stm32cubeide/plugins/com.st.stm32cube.ide.mcu.externaltools.gnu-tools-for-stm32.7-2018-q2-update.win32_1.0.0.201904181610/tools/bin/../lib/gcc/arm-none-eabi/7.3.1/../../../../arm-none-eabi/lib/thumb/v7e-m/fpv4-sp/hard\libm.a(lib_a-e_rem_pio2.o)
 .rodata.two_over_pi
                0x00000000080062e0      0x108 c:/st/stm32cubeide_1.3.0/stm32cubeide/plugins/com.st.stm32cube.ide.mcu.externaltools.gnu-tools-for-stm32.7-2018-q2-update.win32_1.0.0.201904181610/tools/bin/../lib/gcc/arm-none-eabi/7.3.1/../../../../arm-none-eabi/lib/thumb/v7e-m/fpv4-sp/hard\libm.a(lib_a-e_rem_pio2.o)
 .rodata.PIo2   0x00000000080063e8       0x40 c:/st/stm32cubeide_1.3.0/stm32cubeide/plugins/com.st.stm32cube.ide.mcu.externaltools.gnu-tools-for-stm32.7-2018-q2-update.win32_1.0.0.201904181610/tools/bin/../lib/gcc/arm-none-eabi/7.3.1/../../../../arm-none-eabi/lib/thumb/v7e-m/fpv4-sp/hard\libm.a(lib_a-k_rem_pio2.o)
 .rodata.init_jk
                0x0000000008006428       0x10 c:/st/stm32cubeide_1.3.0/stm32cubeide/plugins/com.st.stm32cube.ide.mcu.externaltools.gnu-tools-for-stm32.7-2018-q2-update.win32_1.0.0.201904181610/tools/bin/../lib/gcc/arm-none-eabi/7.3.1/../../../../arm-none-eabi/lib/thumb/v7e-m/fpv4-sp/hard\libm.a(lib_a-k_rem_pio2.o)
                0x0000000008006438                . = ALIGN (0x4)

.ARM.extab      0x0000000008006438        0x0
                0x0000000008006438                . = ALIGN (0x4)
 *(.ARM.extab* .gnu.linkonce.armextab.*)
                0x0000000008006438                . = ALIGN (0x4)

.ARM            0x0000000008006438        0x8
                0x0000000008006438                . = ALIGN (0x4)
                0x0000000008006438                __exidx_start = .
 *(.ARM.exidx*)
 .ARM.exidx     0x0000000008006438        0x8 c:/st/stm32cubeide_1.3.0/stm32cubeide/plugins/com.st.stm32cube.ide.mcu.externaltools.gnu-tools-for-stm32.7-2018-q2-update.win32_1.0.0.201904181610/tools/bin/../lib/gcc/arm-none-eabi/7.3.1/thumb/v7e-m/fpv4-sp/hard\libgcc.a(_udivmoddi4.o)
                0x0000000008006440                __exidx_end = .
                0x0000000008006440                . = ALIGN (0x4)

.rel.dyn        0x0000000008006440        0x0
 .rel.iplt      0x0000000008006440        0x0 c:/st/stm32cubeide_1.3.0/stm32cubeide/plugins/com.st.stm32cube.ide.mcu.externaltools.gnu-tools-for-stm32.7-2018-q2-update.win32_1.0.0.201904181610/tools/bin/../lib/gcc/arm-none-eabi/7.3.1/thumb/v7e-m/fpv4-sp/hard/crtbegin.o

.preinit_array  0x0000000008006440        0x0
                0x0000000008006440                . = ALIGN (0x4)
                0x0000000008006440                PROVIDE (__preinit_array_start = .)
 *(.preinit_array*)
                0x0000000008006440                PROVIDE (__preinit_array_end = .)
                0x0000000008006440                . = ALIGN (0x4)

.init_array     0x0000000008006440        0x4
                0x0000000008006440                . = ALIGN (0x4)
                0x0000000008006440                PROVIDE (__init_array_start = .)
 *(SORT_BY_NAME(.init_array.*))
 *(.init_array*)
 .init_array    0x0000000008006440        0x4 c:/st/stm32cubeide_1.3.0/stm32cubeide/plugins/com.st.stm32cube.ide.mcu.externaltools.gnu-tools-for-stm32.7-2018-q2-update.win32_1.0.0.201904181610/tools/bin/../lib/gcc/arm-none-eabi/7.3.1/thumb/v7e-m/fpv4-sp/hard/crtbegin.o
                0x0000000008006444                PROVIDE (__init_array_end = .)
                0x0000000008006444                . = ALIGN (0x4)

.fini_array     0x0000000008006444        0x4
                0x0000000008006444                . = ALIGN (0x4)
                [!provide]                        PROVIDE (__fini_array_start = .)
 *(SORT_BY_NAME(.fini_array.*))
 *(.fini_array*)
 .fini_array    0x0000000008006444        0x4 c:/st/stm32cubeide_1.3.0/stm32cubeide/plugins/com.st.stm32cube.ide.mcu.externaltools.gnu-tools-for-stm32.7-2018-q2-update.win32_1.0.0.201904181610/tools/bin/../lib/gcc/arm-none-eabi/7.3.1/thumb/v7e-m/fpv4-sp/hard/crtbegin.o
                [!provide]                        PROVIDE (__fini_array_end = .)
                0x0000000008006448                . = ALIGN (0x4)
                0x0000000008006448                _sidata = LOADADDR (.data)

.data           0x0000000020000000      0x1c8 load address 0x0000000008006448
                0x0000000020000000                . = ALIGN (0x4)
                0x0000000020000000                _sdata = .
 *(.data)
 *(.data*)
 .data.SystemCoreClock
                0x0000000020000000        0x4 Core/Src/system_stm32f4xx.o
                0x0000000020000000                SystemCoreClock
 .data.uwTickPrio
                0x0000000020000004        0x4 Drivers/STM32F4xx_HAL_Driver/Src/stm32f4xx_hal.o
                0x0000000020000004                uwTickPrio
 .data.uwTickFreq
                0x0000000020000008        0x1 Drivers/STM32F4xx_HAL_Driver/Src/stm32f4xx_hal.o
                0x0000000020000008                uwTickFreq
 *fill*         0x0000000020000009        0x3 
 .data.USBD_HID
                0x000000002000000c       0x38 Middlewares/ST/STM32_USB_Device_Library/Class/HID/Src/usbd_hid.o
                0x000000002000000c                USBD_HID
 .data.USBD_HID_CfgFSDesc
                0x0000000020000044       0x22 Middlewares/ST/STM32_USB_Device_Library/Class/HID/Src/usbd_hid.o
 *fill*         0x0000000020000066        0x2 
 .data.USBD_HID_CfgHSDesc
                0x0000000020000068       0x22 Middlewares/ST/STM32_USB_Device_Library/Class/HID/Src/usbd_hid.o
 *fill*         0x000000002000008a        0x2 
 .data.USBD_HID_OtherSpeedCfgDesc
                0x000000002000008c       0x22 Middlewares/ST/STM32_USB_Device_Library/Class/HID/Src/usbd_hid.o
 *fill*         0x00000000200000ae        0x2 
 .data.USBD_HID_Desc
                0x00000000200000b0        0x9 Middlewares/ST/STM32_USB_Device_Library/Class/HID/Src/usbd_hid.o
 *fill*         0x00000000200000b9        0x3 
 .data.USBD_HID_DeviceQualifierDesc
                0x00000000200000bc        0xa Middlewares/ST/STM32_USB_Device_Library/Class/HID/Src/usbd_hid.o
 *fill*         0x00000000200000c6        0x2 
 .data.HID_MOUSE_ReportDesc
                0x00000000200000c8       0x4a Middlewares/ST/STM32_USB_Device_Library/Class/HID/Src/usbd_hid.o
 *fill*         0x0000000020000112        0x2 
 .data.FS_Desc  0x0000000020000114       0x1c USB_DEVICE/App/usbd_desc.o
                0x0000000020000114                FS_Desc
 .data.USBD_FS_DeviceDesc
                0x0000000020000130       0x12 USB_DEVICE/App/usbd_desc.o
                0x0000000020000130                USBD_FS_DeviceDesc
 *fill*         0x0000000020000142        0x2 
 .data.USBD_LangIDDesc
                0x0000000020000144        0x4 USB_DEVICE/App/usbd_desc.o
                0x0000000020000144                USBD_LangIDDesc
 .data.USBD_StringSerial
                0x0000000020000148       0x1a USB_DEVICE/App/usbd_desc.o
                0x0000000020000148                USBD_StringSerial
 *fill*         0x0000000020000162        0x2 
 .data._impure_ptr
                0x0000000020000164        0x4 c:/st/stm32cubeide_1.3.0/stm32cubeide/plugins/com.st.stm32cube.ide.mcu.externaltools.gnu-tools-for-stm32.7-2018-q2-update.win32_1.0.0.201904181610/tools/bin/../lib/gcc/arm-none-eabi/7.3.1/../../../../arm-none-eabi/lib/thumb/v7e-m/fpv4-sp/hard\libc_nano.a(lib_a-impure.o)
                0x0000000020000164                _impure_ptr
 .data.impure_data
                0x0000000020000168       0x60 c:/st/stm32cubeide_1.3.0/stm32cubeide/plugins/com.st.stm32cube.ide.mcu.externaltools.gnu-tools-for-stm32.7-2018-q2-update.win32_1.0.0.201904181610/tools/bin/../lib/gcc/arm-none-eabi/7.3.1/../../../../arm-none-eabi/lib/thumb/v7e-m/fpv4-sp/hard\libc_nano.a(lib_a-impure.o)
                0x00000000200001c8                . = ALIGN (0x4)
                0x00000000200001c8                _edata = .

.igot.plt       0x00000000200001c8        0x0 load address 0x0000000008006610
 .igot.plt      0x00000000200001c8        0x0 c:/st/stm32cubeide_1.3.0/stm32cubeide/plugins/com.st.stm32cube.ide.mcu.externaltools.gnu-tools-for-stm32.7-2018-q2-update.win32_1.0.0.201904181610/tools/bin/../lib/gcc/arm-none-eabi/7.3.1/thumb/v7e-m/fpv4-sp/hard/crtbegin.o
                0x00000000200001c8                . = ALIGN (0x4)

.bss            0x00000000200001c8      0x948 load address 0x0000000008006610
                0x00000000200001c8                _sbss = .
                0x00000000200001c8                __bss_start__ = _sbss
 *(.bss)
 .bss           0x00000000200001c8       0x1c c:/st/stm32cubeide_1.3.0/stm32cubeide/plugins/com.st.stm32cube.ide.mcu.externaltools.gnu-tools-for-stm32.7-2018-q2-update.win32_1.0.0.201904181610/tools/bin/../lib/gcc/arm-none-eabi/7.3.1/thumb/v7e-m/fpv4-sp/hard/crtbegin.o
 *(.bss*)
 .bss.heap_end.6424
                0x00000000200001e4        0x4 Core/Src/sysmem.o
 .bss.__malloc_free_list
                0x00000000200001e8        0x4 c:/st/stm32cubeide_1.3.0/stm32cubeide/plugins/com.st.stm32cube.ide.mcu.externaltools.gnu-tools-for-stm32.7-2018-q2-update.win32_1.0.0.201904181610/tools/bin/../lib/gcc/arm-none-eabi/7.3.1/../../../../arm-none-eabi/lib/thumb/v7e-m/fpv4-sp/hard\libc_nano.a(lib_a-nano-mallocr.o)
                0x00000000200001e8                __malloc_free_list
 .bss.__malloc_sbrk_start
                0x00000000200001ec        0x4 c:/st/stm32cubeide_1.3.0/stm32cubeide/plugins/com.st.stm32cube.ide.mcu.externaltools.gnu-tools-for-stm32.7-2018-q2-update.win32_1.0.0.201904181610/tools/bin/../lib/gcc/arm-none-eabi/7.3.1/../../../../arm-none-eabi/lib/thumb/v7e-m/fpv4-sp/hard\libc_nano.a(lib_a-nano-mallocr.o)
                0x00000000200001ec                __malloc_sbrk_start
 *(COMMON)
 COMMON         0x00000000200001f0       0x40 Core/Src/main.o
                0x00000000200001f0                huart3
 COMMON         0x0000000020000230        0x4 Drivers/STM32F4xx_HAL_Driver/Src/stm32f4xx_hal.o
                0x0000000020000230                uwTick
 COMMON         0x0000000020000234      0x2d0 USB_DEVICE/App/usb_device.o
                0x0000000020000234                hUsbDeviceFS
 COMMON         0x0000000020000504      0x200 USB_DEVICE/App/usbd_desc.o
                0x0000000020000504                USBD_StrDesc
 COMMON         0x0000000020000704      0x408 USB_DEVICE/Target/usbd_conf.o
                0x0000000020000704                hpcd_USB_OTG_FS
 COMMON         0x0000000020000b0c        0x4 c:/st/stm32cubeide_1.3.0/stm32cubeide/plugins/com.st.stm32cube.ide.mcu.externaltools.gnu-tools-for-stm32.7-2018-q2-update.win32_1.0.0.201904181610/tools/bin/../lib/gcc/arm-none-eabi/7.3.1/../../../../arm-none-eabi/lib/thumb/v7e-m/fpv4-sp/hard\libc_nano.a(lib_a-reent.o)
                0x0000000020000b0c                errno
                0x0000000020000b10                . = ALIGN (0x4)
                0x0000000020000b10                _ebss = .
                0x0000000020000b10                __bss_end__ = _ebss

._user_heap_stack
                0x0000000020000b10      0x600 load address 0x0000000008006610
                0x0000000020000b10                . = ALIGN (0x8)
                0x0000000020000b10                PROVIDE (end = .)
                [!provide]                        PROVIDE (_end = .)
                0x0000000020000d10                . = (. + _Min_Heap_Size)
 *fill*         0x0000000020000b10      0x200 
                0x0000000020001110                . = (. + _Min_Stack_Size)
 *fill*         0x0000000020000d10      0x400 
                0x0000000020001110                . = ALIGN (0x8)

/DISCARD/
 libc.a(*)
 libm.a(*)
 libgcc.a(*)

.ARM.attributes
                0x0000000000000000       0x30
 *(.ARM.attributes)
 .ARM.attributes
                0x0000000000000000       0x22 c:/st/stm32cubeide_1.3.0/stm32cubeide/plugins/com.st.stm32cube.ide.mcu.externaltools.gnu-tools-for-stm32.7-2018-q2-update.win32_1.0.0.201904181610/tools/bin/../lib/gcc/arm-none-eabi/7.3.1/thumb/v7e-m/fpv4-sp/hard/crti.o
 .ARM.attributes
                0x0000000000000022       0x34 c:/st/stm32cubeide_1.3.0/stm32cubeide/plugins/com.st.stm32cube.ide.mcu.externaltools.gnu-tools-for-stm32.7-2018-q2-update.win32_1.0.0.201904181610/tools/bin/../lib/gcc/arm-none-eabi/7.3.1/thumb/v7e-m/fpv4-sp/hard/crtbegin.o
 .ARM.attributes
                0x0000000000000056       0x39 Core/Src/main.o
 .ARM.attributes
                0x000000000000008f       0x39 Core/Src/stm32f4xx_hal_msp.o
 .ARM.attributes
                0x00000000000000c8       0x39 Core/Src/stm32f4xx_it.o
 .ARM.attributes
                0x0000000000000101       0x39 Core/Src/sysmem.o
 .ARM.attributes
                0x000000000000013a       0x39 Core/Src/system_stm32f4xx.o
 .ARM.attributes
                0x0000000000000173       0x21 Core/Startup/startup_stm32f429zitx.o
 .ARM.attributes
                0x0000000000000194       0x39 Drivers/STM32F4xx_HAL_Driver/Src/stm32f4xx_hal.o
 .ARM.attributes
                0x00000000000001cd       0x39 Drivers/STM32F4xx_HAL_Driver/Src/stm32f4xx_hal_cortex.o
 .ARM.attributes
                0x0000000000000206       0x39 Drivers/STM32F4xx_HAL_Driver/Src/stm32f4xx_hal_gpio.o
 .ARM.attributes
                0x000000000000023f       0x39 Drivers/STM32F4xx_HAL_Driver/Src/stm32f4xx_hal_pcd.o
 .ARM.attributes
                0x0000000000000278       0x39 Drivers/STM32F4xx_HAL_Driver/Src/stm32f4xx_hal_pcd_ex.o
 .ARM.attributes
                0x00000000000002b1       0x39 Drivers/STM32F4xx_HAL_Driver/Src/stm32f4xx_hal_rcc.o
 .ARM.attributes
                0x00000000000002ea       0x39 Drivers/STM32F4xx_HAL_Driver/Src/stm32f4xx_hal_uart.o
 .ARM.attributes
                0x0000000000000323       0x39 Drivers/STM32F4xx_HAL_Driver/Src/stm32f4xx_ll_usb.o
 .ARM.attributes
                0x000000000000035c       0x39 Middlewares/ST/STM32_USB_Device_Library/Class/HID/Src/usbd_hid.o
 .ARM.attributes
                0x0000000000000395       0x39 Middlewares/ST/STM32_USB_Device_Library/Core/Src/usbd_core.o
 .ARM.attributes
                0x00000000000003ce       0x39 Middlewares/ST/STM32_USB_Device_Library/Core/Src/usbd_ctlreq.o
 .ARM.attributes
                0x0000000000000407       0x39 Middlewares/ST/STM32_USB_Device_Library/Core/Src/usbd_ioreq.o
 .ARM.attributes
                0x0000000000000440       0x39 USB_DEVICE/App/usb_device.o
 .ARM.attributes
                0x0000000000000479       0x39 USB_DEVICE/App/usbd_desc.o
 .ARM.attributes
                0x00000000000004b2       0x39 USB_DEVICE/Target/usbd_conf.o
 .ARM.attributes
                0x00000000000004eb       0x34 c:/st/stm32cubeide_1.3.0/stm32cubeide/plugins/com.st.stm32cube.ide.mcu.externaltools.gnu-tools-for-stm32.7-2018-q2-update.win32_1.0.0.201904181610/tools/bin/../lib/gcc/arm-none-eabi/7.3.1/../../../../arm-none-eabi/lib/thumb/v7e-m/fpv4-sp/hard\libc_nano.a(lib_a-errno.o)
 .ARM.attributes
                0x000000000000051f       0x34 c:/st/stm32cubeide_1.3.0/stm32cubeide/plugins/com.st.stm32cube.ide.mcu.externaltools.gnu-tools-for-stm32.7-2018-q2-update.win32_1.0.0.201904181610/tools/bin/../lib/gcc/arm-none-eabi/7.3.1/../../../../arm-none-eabi/lib/thumb/v7e-m/fpv4-sp/hard\libc_nano.a(lib_a-impure.o)
 .ARM.attributes
                0x0000000000000553       0x34 c:/st/stm32cubeide_1.3.0/stm32cubeide/plugins/com.st.stm32cube.ide.mcu.externaltools.gnu-tools-for-stm32.7-2018-q2-update.win32_1.0.0.201904181610/tools/bin/../lib/gcc/arm-none-eabi/7.3.1/../../../../arm-none-eabi/lib/thumb/v7e-m/fpv4-sp/hard\libc_nano.a(lib_a-init.o)
 .ARM.attributes
                0x0000000000000587       0x34 c:/st/stm32cubeide_1.3.0/stm32cubeide/plugins/com.st.stm32cube.ide.mcu.externaltools.gnu-tools-for-stm32.7-2018-q2-update.win32_1.0.0.201904181610/tools/bin/../lib/gcc/arm-none-eabi/7.3.1/../../../../arm-none-eabi/lib/thumb/v7e-m/fpv4-sp/hard\libc_nano.a(lib_a-malloc.o)
 .ARM.attributes
                0x00000000000005bb       0x34 c:/st/stm32cubeide_1.3.0/stm32cubeide/plugins/com.st.stm32cube.ide.mcu.externaltools.gnu-tools-for-stm32.7-2018-q2-update.win32_1.0.0.201904181610/tools/bin/../lib/gcc/arm-none-eabi/7.3.1/../../../../arm-none-eabi/lib/thumb/v7e-m/fpv4-sp/hard\libc_nano.a(lib_a-memset.o)
 .ARM.attributes
                0x00000000000005ef       0x34 c:/st/stm32cubeide_1.3.0/stm32cubeide/plugins/com.st.stm32cube.ide.mcu.externaltools.gnu-tools-for-stm32.7-2018-q2-update.win32_1.0.0.201904181610/tools/bin/../lib/gcc/arm-none-eabi/7.3.1/../../../../arm-none-eabi/lib/thumb/v7e-m/fpv4-sp/hard\libc_nano.a(lib_a-nano-freer.o)
 .ARM.attributes
                0x0000000000000623       0x34 c:/st/stm32cubeide_1.3.0/stm32cubeide/plugins/com.st.stm32cube.ide.mcu.externaltools.gnu-tools-for-stm32.7-2018-q2-update.win32_1.0.0.201904181610/tools/bin/../lib/gcc/arm-none-eabi/7.3.1/../../../../arm-none-eabi/lib/thumb/v7e-m/fpv4-sp/hard\libc_nano.a(lib_a-nano-mallocr.o)
 .ARM.attributes
                0x0000000000000657       0x34 c:/st/stm32cubeide_1.3.0/stm32cubeide/plugins/com.st.stm32cube.ide.mcu.externaltools.gnu-tools-for-stm32.7-2018-q2-update.win32_1.0.0.201904181610/tools/bin/../lib/gcc/arm-none-eabi/7.3.1/../../../../arm-none-eabi/lib/thumb/v7e-m/fpv4-sp/hard\libc_nano.a(lib_a-sbrkr.o)
 .ARM.attributes
                0x000000000000068b       0x34 c:/st/stm32cubeide_1.3.0/stm32cubeide/plugins/com.st.stm32cube.ide.mcu.externaltools.gnu-tools-for-stm32.7-2018-q2-update.win32_1.0.0.201904181610/tools/bin/../lib/gcc/arm-none-eabi/7.3.1/../../../../arm-none-eabi/lib/thumb/v7e-m/fpv4-sp/hard\libc_nano.a(lib_a-mlock.o)
 .ARM.attributes
                0x00000000000006bf       0x34 c:/st/stm32cubeide_1.3.0/stm32cubeide/plugins/com.st.stm32cube.ide.mcu.externaltools.gnu-tools-for-stm32.7-2018-q2-update.win32_1.0.0.201904181610/tools/bin/../lib/gcc/arm-none-eabi/7.3.1/../../../../arm-none-eabi/lib/thumb/v7e-m/fpv4-sp/hard\libc_nano.a(lib_a-reent.o)
 .ARM.attributes
                0x00000000000006f3       0x34 c:/st/stm32cubeide_1.3.0/stm32cubeide/plugins/com.st.stm32cube.ide.mcu.externaltools.gnu-tools-for-stm32.7-2018-q2-update.win32_1.0.0.201904181610/tools/bin/../lib/gcc/arm-none-eabi/7.3.1/../../../../arm-none-eabi/lib/thumb/v7e-m/fpv4-sp/hard\libm.a(lib_a-s_cos.o)
 .ARM.attributes
                0x0000000000000727       0x34 c:/st/stm32cubeide_1.3.0/stm32cubeide/plugins/com.st.stm32cube.ide.mcu.externaltools.gnu-tools-for-stm32.7-2018-q2-update.win32_1.0.0.201904181610/tools/bin/../lib/gcc/arm-none-eabi/7.3.1/../../../../arm-none-eabi/lib/thumb/v7e-m/fpv4-sp/hard\libm.a(lib_a-s_sin.o)
 .ARM.attributes
                0x000000000000075b       0x34 c:/st/stm32cubeide_1.3.0/stm32cubeide/plugins/com.st.stm32cube.ide.mcu.externaltools.gnu-tools-for-stm32.7-2018-q2-update.win32_1.0.0.201904181610/tools/bin/../lib/gcc/arm-none-eabi/7.3.1/../../../../arm-none-eabi/lib/thumb/v7e-m/fpv4-sp/hard\libm.a(lib_a-e_rem_pio2.o)
 .ARM.attributes
                0x000000000000078f       0x34 c:/st/stm32cubeide_1.3.0/stm32cubeide/plugins/com.st.stm32cube.ide.mcu.externaltools.gnu-tools-for-stm32.7-2018-q2-update.win32_1.0.0.201904181610/tools/bin/../lib/gcc/arm-none-eabi/7.3.1/../../../../arm-none-eabi/lib/thumb/v7e-m/fpv4-sp/hard\libm.a(lib_a-k_cos.o)
 .ARM.attributes
                0x00000000000007c3       0x34 c:/st/stm32cubeide_1.3.0/stm32cubeide/plugins/com.st.stm32cube.ide.mcu.externaltools.gnu-tools-for-stm32.7-2018-q2-update.win32_1.0.0.201904181610/tools/bin/../lib/gcc/arm-none-eabi/7.3.1/../../../../arm-none-eabi/lib/thumb/v7e-m/fpv4-sp/hard\libm.a(lib_a-k_rem_pio2.o)
 .ARM.attributes
                0x00000000000007f7       0x34 c:/st/stm32cubeide_1.3.0/stm32cubeide/plugins/com.st.stm32cube.ide.mcu.externaltools.gnu-tools-for-stm32.7-2018-q2-update.win32_1.0.0.201904181610/tools/bin/../lib/gcc/arm-none-eabi/7.3.1/../../../../arm-none-eabi/lib/thumb/v7e-m/fpv4-sp/hard\libm.a(lib_a-k_sin.o)
 .ARM.attributes
                0x000000000000082b       0x34 c:/st/stm32cubeide_1.3.0/stm32cubeide/plugins/com.st.stm32cube.ide.mcu.externaltools.gnu-tools-for-stm32.7-2018-q2-update.win32_1.0.0.201904181610/tools/bin/../lib/gcc/arm-none-eabi/7.3.1/../../../../arm-none-eabi/lib/thumb/v7e-m/fpv4-sp/hard\libm.a(lib_a-s_fabs.o)
 .ARM.attributes
                0x000000000000085f       0x34 c:/st/stm32cubeide_1.3.0/stm32cubeide/plugins/com.st.stm32cube.ide.mcu.externaltools.gnu-tools-for-stm32.7-2018-q2-update.win32_1.0.0.201904181610/tools/bin/../lib/gcc/arm-none-eabi/7.3.1/../../../../arm-none-eabi/lib/thumb/v7e-m/fpv4-sp/hard\libm.a(lib_a-s_floor.o)
 .ARM.attributes
                0x0000000000000893       0x34 c:/st/stm32cubeide_1.3.0/stm32cubeide/plugins/com.st.stm32cube.ide.mcu.externaltools.gnu-tools-for-stm32.7-2018-q2-update.win32_1.0.0.201904181610/tools/bin/../lib/gcc/arm-none-eabi/7.3.1/../../../../arm-none-eabi/lib/thumb/v7e-m/fpv4-sp/hard\libm.a(lib_a-s_scalbn.o)
 .ARM.attributes
                0x00000000000008c7       0x34 c:/st/stm32cubeide_1.3.0/stm32cubeide/plugins/com.st.stm32cube.ide.mcu.externaltools.gnu-tools-for-stm32.7-2018-q2-update.win32_1.0.0.201904181610/tools/bin/../lib/gcc/arm-none-eabi/7.3.1/../../../../arm-none-eabi/lib/thumb/v7e-m/fpv4-sp/hard\libm.a(lib_a-s_copysign.o)
 .ARM.attributes
                0x00000000000008fb       0x22 c:/st/stm32cubeide_1.3.0/stm32cubeide/plugins/com.st.stm32cube.ide.mcu.externaltools.gnu-tools-for-stm32.7-2018-q2-update.win32_1.0.0.201904181610/tools/bin/../lib/gcc/arm-none-eabi/7.3.1/thumb/v7e-m/fpv4-sp/hard\libgcc.a(_arm_addsubdf3.o)
 .ARM.attributes
                0x000000000000091d       0x22 c:/st/stm32cubeide_1.3.0/stm32cubeide/plugins/com.st.stm32cube.ide.mcu.externaltools.gnu-tools-for-stm32.7-2018-q2-update.win32_1.0.0.201904181610/tools/bin/../lib/gcc/arm-none-eabi/7.3.1/thumb/v7e-m/fpv4-sp/hard\libgcc.a(_arm_muldivdf3.o)
 .ARM.attributes
                0x000000000000093f       0x22 c:/st/stm32cubeide_1.3.0/stm32cubeide/plugins/com.st.stm32cube.ide.mcu.externaltools.gnu-tools-for-stm32.7-2018-q2-update.win32_1.0.0.201904181610/tools/bin/../lib/gcc/arm-none-eabi/7.3.1/thumb/v7e-m/fpv4-sp/hard\libgcc.a(_arm_cmpdf2.o)
 .ARM.attributes
                0x0000000000000961       0x22 c:/st/stm32cubeide_1.3.0/stm32cubeide/plugins/com.st.stm32cube.ide.mcu.externaltools.gnu-tools-for-stm32.7-2018-q2-update.win32_1.0.0.201904181610/tools/bin/../lib/gcc/arm-none-eabi/7.3.1/thumb/v7e-m/fpv4-sp/hard\libgcc.a(_arm_fixdfsi.o)
 .ARM.attributes
                0x0000000000000983       0x22 c:/st/stm32cubeide_1.3.0/stm32cubeide/plugins/com.st.stm32cube.ide.mcu.externaltools.gnu-tools-for-stm32.7-2018-q2-update.win32_1.0.0.201904181610/tools/bin/../lib/gcc/arm-none-eabi/7.3.1/thumb/v7e-m/fpv4-sp/hard\libgcc.a(_arm_truncdfsf2.o)
 .ARM.attributes
                0x00000000000009a5       0x22 c:/st/stm32cubeide_1.3.0/stm32cubeide/plugins/com.st.stm32cube.ide.mcu.externaltools.gnu-tools-for-stm32.7-2018-q2-update.win32_1.0.0.201904181610/tools/bin/../lib/gcc/arm-none-eabi/7.3.1/thumb/v7e-m/fpv4-sp/hard\libgcc.a(_aeabi_uldivmod.o)
 .ARM.attributes
                0x00000000000009c7       0x34 c:/st/stm32cubeide_1.3.0/stm32cubeide/plugins/com.st.stm32cube.ide.mcu.externaltools.gnu-tools-for-stm32.7-2018-q2-update.win32_1.0.0.201904181610/tools/bin/../lib/gcc/arm-none-eabi/7.3.1/thumb/v7e-m/fpv4-sp/hard\libgcc.a(_udivmoddi4.o)
 .ARM.attributes
                0x00000000000009fb       0x22 c:/st/stm32cubeide_1.3.0/stm32cubeide/plugins/com.st.stm32cube.ide.mcu.externaltools.gnu-tools-for-stm32.7-2018-q2-update.win32_1.0.0.201904181610/tools/bin/../lib/gcc/arm-none-eabi/7.3.1/thumb/v7e-m/fpv4-sp/hard\libgcc.a(_dvmd_tls.o)
 .ARM.attributes
                0x0000000000000a1d       0x22 c:/st/stm32cubeide_1.3.0/stm32cubeide/plugins/com.st.stm32cube.ide.mcu.externaltools.gnu-tools-for-stm32.7-2018-q2-update.win32_1.0.0.201904181610/tools/bin/../lib/gcc/arm-none-eabi/7.3.1/thumb/v7e-m/fpv4-sp/hard/crtn.o
OUTPUT(cv09.elf elf32-littlearm)

.debug_info     0x0000000000000000    0x11edf
 .debug_info    0x0000000000000000     0x18f2 Core/Src/main.o
 .debug_info    0x00000000000018f2      0x95b Core/Src/stm32f4xx_hal_msp.o
 .debug_info    0x000000000000224d      0x20a Core/Src/stm32f4xx_it.o
 .debug_info    0x0000000000002457      0x91c Core/Src/sysmem.o
 .debug_info    0x0000000000002d73      0x56e Core/Src/system_stm32f4xx.o
 .debug_info    0x00000000000032e1       0x22 Core/Startup/startup_stm32f429zitx.o
 .debug_info    0x0000000000003303      0x9b9 Drivers/STM32F4xx_HAL_Driver/Src/stm32f4xx_hal.o
 .debug_info    0x0000000000003cbc      0xe5e Drivers/STM32F4xx_HAL_Driver/Src/stm32f4xx_hal_cortex.o
 .debug_info    0x0000000000004b1a      0x7cf Drivers/STM32F4xx_HAL_Driver/Src/stm32f4xx_hal_gpio.o
 .debug_info    0x00000000000052e9     0x1114 Drivers/STM32F4xx_HAL_Driver/Src/stm32f4xx_hal_pcd.o
 .debug_info    0x00000000000063fd      0x753 Drivers/STM32F4xx_HAL_Driver/Src/stm32f4xx_hal_pcd_ex.o
 .debug_info    0x0000000000006b50      0x91e Drivers/STM32F4xx_HAL_Driver/Src/stm32f4xx_hal_rcc.o
 .debug_info    0x000000000000746e     0x124c Drivers/STM32F4xx_HAL_Driver/Src/stm32f4xx_hal_uart.o
 .debug_info    0x00000000000086ba     0x18dd Drivers/STM32F4xx_HAL_Driver/Src/stm32f4xx_ll_usb.o
 .debug_info    0x0000000000009f97     0x119e Middlewares/ST/STM32_USB_Device_Library/Class/HID/Src/usbd_hid.o
 .debug_info    0x000000000000b135     0x1285 Middlewares/ST/STM32_USB_Device_Library/Core/Src/usbd_core.o
 .debug_info    0x000000000000c3ba     0x123d Middlewares/ST/STM32_USB_Device_Library/Core/Src/usbd_ctlreq.o
 .debug_info    0x000000000000d5f7      0xf88 Middlewares/ST/STM32_USB_Device_Library/Core/Src/usbd_ioreq.o
 .debug_info    0x000000000000e57f      0xe1d USB_DEVICE/App/usb_device.o
 .debug_info    0x000000000000f39c      0xd20 USB_DEVICE/App/usbd_desc.o
 .debug_info    0x00000000000100bc     0x1e23 USB_DEVICE/Target/usbd_conf.o

.debug_abbrev   0x0000000000000000     0x2a4c
 .debug_abbrev  0x0000000000000000      0x2a6 Core/Src/main.o
 .debug_abbrev  0x00000000000002a6      0x18c Core/Src/stm32f4xx_hal_msp.o
 .debug_abbrev  0x0000000000000432       0xc6 Core/Src/stm32f4xx_it.o
 .debug_abbrev  0x00000000000004f8      0x1bb Core/Src/sysmem.o
 .debug_abbrev  0x00000000000006b3      0x12b Core/Src/system_stm32f4xx.o
 .debug_abbrev  0x00000000000007de       0x12 Core/Startup/startup_stm32f429zitx.o
 .debug_abbrev  0x00000000000007f0      0x1c7 Drivers/STM32F4xx_HAL_Driver/Src/stm32f4xx_hal.o
 .debug_abbrev  0x00000000000009b7      0x2fa Drivers/STM32F4xx_HAL_Driver/Src/stm32f4xx_hal_cortex.o
 .debug_abbrev  0x0000000000000cb1      0x1c9 Drivers/STM32F4xx_HAL_Driver/Src/stm32f4xx_hal_gpio.o
 .debug_abbrev  0x0000000000000e7a      0x266 Drivers/STM32F4xx_HAL_Driver/Src/stm32f4xx_hal_pcd.o
 .debug_abbrev  0x00000000000010e0      0x1cf Drivers/STM32F4xx_HAL_Driver/Src/stm32f4xx_hal_pcd_ex.o
 .debug_abbrev  0x00000000000012af      0x245 Drivers/STM32F4xx_HAL_Driver/Src/stm32f4xx_hal_rcc.o
 .debug_abbrev  0x00000000000014f4      0x242 Drivers/STM32F4xx_HAL_Driver/Src/stm32f4xx_hal_uart.o
 .debug_abbrev  0x0000000000001736      0x26d Drivers/STM32F4xx_HAL_Driver/Src/stm32f4xx_ll_usb.o
 .debug_abbrev  0x00000000000019a3      0x299 Middlewares/ST/STM32_USB_Device_Library/Class/HID/Src/usbd_hid.o
 .debug_abbrev  0x0000000000001c3c      0x27d Middlewares/ST/STM32_USB_Device_Library/Core/Src/usbd_core.o
 .debug_abbrev  0x0000000000001eb9      0x2ba Middlewares/ST/STM32_USB_Device_Library/Core/Src/usbd_ctlreq.o
 .debug_abbrev  0x0000000000002173      0x1fc Middlewares/ST/STM32_USB_Device_Library/Core/Src/usbd_ioreq.o
 .debug_abbrev  0x000000000000236f      0x1d1 USB_DEVICE/App/usb_device.o
 .debug_abbrev  0x0000000000002540      0x265 USB_DEVICE/App/usbd_desc.o
 .debug_abbrev  0x00000000000027a5      0x2a7 USB_DEVICE/Target/usbd_conf.o

.debug_aranges  0x0000000000000000      0xc98
 .debug_aranges
                0x0000000000000000       0x50 Core/Src/main.o
 .debug_aranges
                0x0000000000000050       0x30 Core/Src/stm32f4xx_hal_msp.o
 .debug_aranges
                0x0000000000000080       0x60 Core/Src/stm32f4xx_it.o
 .debug_aranges
                0x00000000000000e0       0x20 Core/Src/sysmem.o
 .debug_aranges
                0x0000000000000100       0x28 Core/Src/system_stm32f4xx.o
 .debug_aranges
                0x0000000000000128       0x28 Core/Startup/startup_stm32f429zitx.o
 .debug_aranges
                0x0000000000000150      0x100 Drivers/STM32F4xx_HAL_Driver/Src/stm32f4xx_hal.o
 .debug_aranges
                0x0000000000000250      0x118 Drivers/STM32F4xx_HAL_Driver/Src/stm32f4xx_hal_cortex.o
 .debug_aranges
                0x0000000000000368       0x58 Drivers/STM32F4xx_HAL_Driver/Src/stm32f4xx_hal_gpio.o
 .debug_aranges
                0x00000000000003c0      0x130 Drivers/STM32F4xx_HAL_Driver/Src/stm32f4xx_hal_pcd.o
 .debug_aranges
                0x00000000000004f0       0x38 Drivers/STM32F4xx_HAL_Driver/Src/stm32f4xx_hal_pcd_ex.o
 .debug_aranges
                0x0000000000000528       0x88 Drivers/STM32F4xx_HAL_Driver/Src/stm32f4xx_hal_rcc.o
 .debug_aranges
                0x00000000000005b0      0x1d0 Drivers/STM32F4xx_HAL_Driver/Src/stm32f4xx_hal_uart.o
 .debug_aranges
                0x0000000000000780      0x198 Drivers/STM32F4xx_HAL_Driver/Src/stm32f4xx_ll_usb.o
 .debug_aranges
                0x0000000000000918       0x68 Middlewares/ST/STM32_USB_Device_Library/Class/HID/Src/usbd_hid.o
 .debug_aranges
                0x0000000000000980       0xb8 Middlewares/ST/STM32_USB_Device_Library/Core/Src/usbd_core.o
 .debug_aranges
                0x0000000000000a38       0x90 Middlewares/ST/STM32_USB_Device_Library/Core/Src/usbd_ctlreq.o
 .debug_aranges
                0x0000000000000ac8       0x50 Middlewares/ST/STM32_USB_Device_Library/Core/Src/usbd_ioreq.o
 .debug_aranges
                0x0000000000000b18       0x20 USB_DEVICE/App/usb_device.o
 .debug_aranges
                0x0000000000000b38       0x60 USB_DEVICE/App/usbd_desc.o
 .debug_aranges
                0x0000000000000b98      0x100 USB_DEVICE/Target/usbd_conf.o

.debug_ranges   0x0000000000000000      0xb50
 .debug_ranges  0x0000000000000000       0x40 Core/Src/main.o
 .debug_ranges  0x0000000000000040       0x20 Core/Src/stm32f4xx_hal_msp.o
 .debug_ranges  0x0000000000000060       0x50 Core/Src/stm32f4xx_it.o
 .debug_ranges  0x00000000000000b0       0x10 Core/Src/sysmem.o
 .debug_ranges  0x00000000000000c0       0x18 Core/Src/system_stm32f4xx.o
 .debug_ranges  0x00000000000000d8       0x20 Core/Startup/startup_stm32f429zitx.o
 .debug_ranges  0x00000000000000f8       0xf0 Drivers/STM32F4xx_HAL_Driver/Src/stm32f4xx_hal.o
 .debug_ranges  0x00000000000001e8      0x108 Drivers/STM32F4xx_HAL_Driver/Src/stm32f4xx_hal_cortex.o
 .debug_ranges  0x00000000000002f0       0x48 Drivers/STM32F4xx_HAL_Driver/Src/stm32f4xx_hal_gpio.o
 .debug_ranges  0x0000000000000338      0x120 Drivers/STM32F4xx_HAL_Driver/Src/stm32f4xx_hal_pcd.o
 .debug_ranges  0x0000000000000458       0x28 Drivers/STM32F4xx_HAL_Driver/Src/stm32f4xx_hal_pcd_ex.o
 .debug_ranges  0x0000000000000480       0x78 Drivers/STM32F4xx_HAL_Driver/Src/stm32f4xx_hal_rcc.o
 .debug_ranges  0x00000000000004f8      0x1c0 Drivers/STM32F4xx_HAL_Driver/Src/stm32f4xx_hal_uart.o
 .debug_ranges  0x00000000000006b8      0x188 Drivers/STM32F4xx_HAL_Driver/Src/stm32f4xx_ll_usb.o
 .debug_ranges  0x0000000000000840       0x58 Middlewares/ST/STM32_USB_Device_Library/Class/HID/Src/usbd_hid.o
 .debug_ranges  0x0000000000000898       0xa8 Middlewares/ST/STM32_USB_Device_Library/Core/Src/usbd_core.o
 .debug_ranges  0x0000000000000940       0x80 Middlewares/ST/STM32_USB_Device_Library/Core/Src/usbd_ctlreq.o
 .debug_ranges  0x00000000000009c0       0x40 Middlewares/ST/STM32_USB_Device_Library/Core/Src/usbd_ioreq.o
 .debug_ranges  0x0000000000000a00       0x10 USB_DEVICE/App/usb_device.o
 .debug_ranges  0x0000000000000a10       0x50 USB_DEVICE/App/usbd_desc.o
 .debug_ranges  0x0000000000000a60       0xf0 USB_DEVICE/Target/usbd_conf.o

.debug_macro    0x0000000000000000    0x2599e
 .debug_macro   0x0000000000000000      0x432 Core/Src/main.o
 .debug_macro   0x0000000000000432      0xa5a Core/Src/main.o
 .debug_macro   0x0000000000000e8c      0x18a Core/Src/main.o
 .debug_macro   0x0000000000001016       0x2e Core/Src/main.o
 .debug_macro   0x0000000000001044       0x28 Core/Src/main.o
 .debug_macro   0x000000000000106c       0x22 Core/Src/main.o
 .debug_macro   0x000000000000108e       0x8e Core/Src/main.o
 .debug_macro   0x000000000000111c       0x51 Core/Src/main.o
 .debug_macro   0x000000000000116d       0xef Core/Src/main.o
 .debug_macro   0x000000000000125c       0x6a Core/Src/main.o
 .debug_macro   0x00000000000012c6      0x1df Core/Src/main.o
 .debug_macro   0x00000000000014a5       0x1c Core/Src/main.o
 .debug_macro   0x00000000000014c1       0x22 Core/Src/main.o
 .debug_macro   0x00000000000014e3       0xdf Core/Src/main.o
 .debug_macro   0x00000000000015c2     0x102d Core/Src/main.o
 .debug_macro   0x00000000000025ef      0x11f Core/Src/main.o
 .debug_macro   0x000000000000270e    0x17f69 Core/Src/main.o
 .debug_macro   0x000000000001a677       0x43 Core/Src/main.o
 .debug_macro   0x000000000001a6ba     0x36c9 Core/Src/main.o
 .debug_macro   0x000000000001dd83      0x174 Core/Src/main.o
 .debug_macro   0x000000000001def7       0x5a Core/Src/main.o
 .debug_macro   0x000000000001df51      0xca5 Core/Src/main.o
 .debug_macro   0x000000000001ebf6      0x9fe Core/Src/main.o
 .debug_macro   0x000000000001f5f4      0x182 Core/Src/main.o
 .debug_macro   0x000000000001f776      0x117 Core/Src/main.o
 .debug_macro   0x000000000001f88d      0x157 Core/Src/main.o
 .debug_macro   0x000000000001f9e4       0x27 Core/Src/main.o
 .debug_macro   0x000000000001fa0b      0x287 Core/Src/main.o
 .debug_macro   0x000000000001fc92       0x5f Core/Src/main.o
 .debug_macro   0x000000000001fcf1      0x236 Core/Src/main.o
 .debug_macro   0x000000000001ff27      0x132 Core/Src/main.o
 .debug_macro   0x0000000000020059      0x41d Core/Src/main.o
 .debug_macro   0x0000000000020476       0x2e Core/Src/main.o
 .debug_macro   0x00000000000204a4      0x11a Core/Src/main.o
 .debug_macro   0x00000000000205be       0xe2 Core/Src/main.o
 .debug_macro   0x00000000000206a0       0x89 Core/Src/main.o
 .debug_macro   0x0000000000020729      0x287 Core/Src/main.o
 .debug_macro   0x00000000000209b0      0x21e Core/Src/main.o
 .debug_macro   0x0000000000020bce       0xba Core/Src/main.o
 .debug_macro   0x0000000000020c88      0x134 Core/Src/main.o
 .debug_macro   0x0000000000020dbc      0x130 Core/Src/main.o
 .debug_macro   0x0000000000020eec       0x46 Core/Src/main.o
 .debug_macro   0x0000000000020f32       0x18 Core/Src/main.o
 .debug_macro   0x0000000000020f4a       0x3c Core/Src/main.o
 .debug_macro   0x0000000000020f86       0x34 Core/Src/main.o
 .debug_macro   0x0000000000020fba       0x16 Core/Src/main.o
 .debug_macro   0x0000000000020fd0       0x35 Core/Src/main.o
 .debug_macro   0x0000000000021005      0x32a Core/Src/main.o
 .debug_macro   0x000000000002132f       0x10 Core/Src/main.o
 .debug_macro   0x000000000002133f       0x52 Core/Src/main.o
 .debug_macro   0x0000000000021391       0x1f Core/Src/main.o
 .debug_macro   0x00000000000213b0       0x43 Core/Src/main.o
 .debug_macro   0x00000000000213f3       0x20 Core/Src/main.o
 .debug_macro   0x0000000000021413      0x1a3 Core/Src/main.o
 .debug_macro   0x00000000000215b6       0x10 Core/Src/main.o
 .debug_macro   0x00000000000215c6       0x1c Core/Src/main.o
 .debug_macro   0x00000000000215e2       0x52 Core/Src/main.o
 .debug_macro   0x0000000000021634       0x40 Core/Src/main.o
 .debug_macro   0x0000000000021674       0x10 Core/Src/main.o
 .debug_macro   0x0000000000021684       0x40 Core/Src/main.o
 .debug_macro   0x00000000000216c4       0xd7 Core/Src/main.o
 .debug_macro   0x000000000002179b       0x1c Core/Src/main.o
 .debug_macro   0x00000000000217b7       0x3d Core/Src/main.o
 .debug_macro   0x00000000000217f4       0x16 Core/Src/main.o
 .debug_macro   0x000000000002180a      0x145 Core/Src/main.o
 .debug_macro   0x000000000002194f       0x16 Core/Src/main.o
 .debug_macro   0x0000000000021965       0x16 Core/Src/main.o
 .debug_macro   0x000000000002197b       0x29 Core/Src/main.o
 .debug_macro   0x00000000000219a4       0x16 Core/Src/main.o
 .debug_macro   0x00000000000219ba       0x20 Core/Src/main.o
 .debug_macro   0x00000000000219da       0x65 Core/Src/main.o
 .debug_macro   0x0000000000021a3f      0x1c4 Core/Src/main.o
 .debug_macro   0x0000000000021c03       0x64 Core/Src/main.o
 .debug_macro   0x0000000000021c67      0x1e1 Core/Src/main.o
 .debug_macro   0x0000000000021e48       0x22 Core/Src/main.o
 .debug_macro   0x0000000000021e6a      0x1ed Core/Src/stm32f4xx_hal_msp.o
 .debug_macro   0x0000000000022057      0x1f7 Core/Src/stm32f4xx_it.o
 .debug_macro   0x000000000002224e      0x1ae Core/Src/sysmem.o
 .debug_macro   0x00000000000223fc      0x23b Core/Src/sysmem.o
 .debug_macro   0x0000000000022637      0x1e4 Core/Src/system_stm32f4xx.o
 .debug_macro   0x000000000002281b      0x23e Drivers/STM32F4xx_HAL_Driver/Src/stm32f4xx_hal.o
 .debug_macro   0x0000000000022a59      0x1de Drivers/STM32F4xx_HAL_Driver/Src/stm32f4xx_hal_cortex.o
 .debug_macro   0x0000000000022c37      0x214 Drivers/STM32F4xx_HAL_Driver/Src/stm32f4xx_hal_gpio.o
 .debug_macro   0x0000000000022e4b      0x1ea Drivers/STM32F4xx_HAL_Driver/Src/stm32f4xx_hal_pcd.o
 .debug_macro   0x0000000000023035      0x1de Drivers/STM32F4xx_HAL_Driver/Src/stm32f4xx_hal_pcd_ex.o
 .debug_macro   0x0000000000023213      0x202 Drivers/STM32F4xx_HAL_Driver/Src/stm32f4xx_hal_rcc.o
 .debug_macro   0x0000000000023415      0x1df Drivers/STM32F4xx_HAL_Driver/Src/stm32f4xx_hal_uart.o
 .debug_macro   0x00000000000235f4      0x1de Drivers/STM32F4xx_HAL_Driver/Src/stm32f4xx_ll_usb.o
 .debug_macro   0x00000000000237d2      0x3fa Middlewares/ST/STM32_USB_Device_Library/Class/HID/Src/usbd_hid.o
 .debug_macro   0x0000000000023bcc       0x97 Middlewares/ST/STM32_USB_Device_Library/Class/HID/Src/usbd_hid.o
 .debug_macro   0x0000000000023c63       0xfd Middlewares/ST/STM32_USB_Device_Library/Class/HID/Src/usbd_hid.o
 .debug_macro   0x0000000000023d60       0xd9 Middlewares/ST/STM32_USB_Device_Library/Class/HID/Src/usbd_hid.o
 .debug_macro   0x0000000000023e39       0x54 Middlewares/ST/STM32_USB_Device_Library/Class/HID/Src/usbd_hid.o
 .debug_macro   0x0000000000023e8d      0x3e1 Middlewares/ST/STM32_USB_Device_Library/Core/Src/usbd_core.o
 .debug_macro   0x000000000002426e      0x1ca Middlewares/ST/STM32_USB_Device_Library/Core/Src/usbd_core.o
 .debug_macro   0x0000000000024438      0x3eb Middlewares/ST/STM32_USB_Device_Library/Core/Src/usbd_ctlreq.o
 .debug_macro   0x0000000000024823      0x3e7 Middlewares/ST/STM32_USB_Device_Library/Core/Src/usbd_ioreq.o
 .debug_macro   0x0000000000024c0a      0x411 USB_DEVICE/App/usb_device.o
 .debug_macro   0x000000000002501b      0x136 USB_DEVICE/App/usb_device.o
 .debug_macro   0x0000000000025151       0x22 USB_DEVICE/App/usb_device.o
 .debug_macro   0x0000000000025173      0x424 USB_DEVICE/App/usbd_desc.o
 .debug_macro   0x0000000000025597       0x1c USB_DEVICE/App/usbd_desc.o
 .debug_macro   0x00000000000255b3      0x3eb USB_DEVICE/Target/usbd_conf.o

.debug_line     0x0000000000000000     0xcacf
 .debug_line    0x0000000000000000      0xb14 Core/Src/main.o
 .debug_line    0x0000000000000b14      0x706 Core/Src/stm32f4xx_hal_msp.o
 .debug_line    0x000000000000121a      0x77b Core/Src/stm32f4xx_it.o
 .debug_line    0x0000000000001995      0x55e Core/Src/sysmem.o
 .debug_line    0x0000000000001ef3      0x6f2 Core/Src/system_stm32f4xx.o
 .debug_line    0x00000000000025e5       0x85 Core/Startup/startup_stm32f429zitx.o
 .debug_line    0x000000000000266a      0x900 Drivers/STM32F4xx_HAL_Driver/Src/stm32f4xx_hal.o
 .debug_line    0x0000000000002f6a      0xa00 Drivers/STM32F4xx_HAL_Driver/Src/stm32f4xx_hal_cortex.o
 .debug_line    0x000000000000396a      0x8e3 Drivers/STM32F4xx_HAL_Driver/Src/stm32f4xx_hal_gpio.o
 .debug_line    0x000000000000424d      0xc53 Drivers/STM32F4xx_HAL_Driver/Src/stm32f4xx_hal_pcd.o
 .debug_line    0x0000000000004ea0      0x735 Drivers/STM32F4xx_HAL_Driver/Src/stm32f4xx_hal_pcd_ex.o
 .debug_line    0x00000000000055d5      0x934 Drivers/STM32F4xx_HAL_Driver/Src/stm32f4xx_hal_rcc.o
 .debug_line    0x0000000000005f09      0xfea Drivers/STM32F4xx_HAL_Driver/Src/stm32f4xx_hal_uart.o
 .debug_line    0x0000000000006ef3      0xe06 Drivers/STM32F4xx_HAL_Driver/Src/stm32f4xx_ll_usb.o
 .debug_line    0x0000000000007cf9      0xafb Middlewares/ST/STM32_USB_Device_Library/Class/HID/Src/usbd_hid.o
 .debug_line    0x00000000000087f4      0xbb4 Middlewares/ST/STM32_USB_Device_Library/Core/Src/usbd_core.o
 .debug_line    0x00000000000093a8      0xca7 Middlewares/ST/STM32_USB_Device_Library/Core/Src/usbd_ctlreq.o
 .debug_line    0x000000000000a04f      0xa32 Middlewares/ST/STM32_USB_Device_Library/Core/Src/usbd_ioreq.o
 .debug_line    0x000000000000aa81      0xa01 USB_DEVICE/App/usb_device.o
 .debug_line    0x000000000000b482      0xa66 USB_DEVICE/App/usbd_desc.o
 .debug_line    0x000000000000bee8      0xbe7 USB_DEVICE/Target/usbd_conf.o

.debug_str      0x0000000000000000    0xd54f2
 .debug_str     0x0000000000000000    0xd1b4c Core/Src/main.o
                                      0xd1fc2 (size before relaxing)
 .debug_str     0x00000000000d1b4c       0x56 Core/Src/stm32f4xx_hal_msp.o
                                      0xcc3fd (size before relaxing)
 .debug_str     0x00000000000d1ba2       0xbd Core/Src/stm32f4xx_it.o
                                      0xcbed6 (size before relaxing)
 .debug_str     0x00000000000d1c5f      0x4d1 Core/Src/sysmem.o
                                       0x7ae3 (size before relaxing)
 .debug_str     0x00000000000d2130       0xc4 Core/Src/system_stm32f4xx.o
                                      0xcbb21 (size before relaxing)
 .debug_str     0x00000000000d21f4       0x36 Core/Startup/startup_stm32f429zitx.o
                                         0x65 (size before relaxing)
 .debug_str     0x00000000000d222a      0xafd Drivers/STM32F4xx_HAL_Driver/Src/stm32f4xx_hal.o
                                      0xcc68d (size before relaxing)
 .debug_str     0x00000000000d2d27      0x399 Drivers/STM32F4xx_HAL_Driver/Src/stm32f4xx_hal_cortex.o
                                      0xcc42e (size before relaxing)
 .debug_str     0x00000000000d30c0      0x20c Drivers/STM32F4xx_HAL_Driver/Src/stm32f4xx_hal_gpio.o
                                      0xcbd60 (size before relaxing)
 .debug_str     0x00000000000d32cc      0x859 Drivers/STM32F4xx_HAL_Driver/Src/stm32f4xx_hal_pcd.o
                                      0xcc2ae (size before relaxing)
 .debug_str     0x00000000000d3b25      0x13f Drivers/STM32F4xx_HAL_Driver/Src/stm32f4xx_hal_pcd_ex.o
                                      0xcbeae (size before relaxing)
 .debug_str     0x00000000000d3c64      0x259 Drivers/STM32F4xx_HAL_Driver/Src/stm32f4xx_hal_rcc.o
                                      0xcbf0e (size before relaxing)
 .debug_str     0x00000000000d3ebd      0x521 Drivers/STM32F4xx_HAL_Driver/Src/stm32f4xx_hal_uart.o
                                      0xcc35a (size before relaxing)
 .debug_str     0x00000000000d43de      0x66e Drivers/STM32F4xx_HAL_Driver/Src/stm32f4xx_ll_usb.o
                                      0xcc3e2 (size before relaxing)
 .debug_str     0x00000000000d4a4c      0x267 Middlewares/ST/STM32_USB_Device_Library/Class/HID/Src/usbd_hid.o
                                      0xd1180 (size before relaxing)
 .debug_str     0x00000000000d4cb3      0x1a2 Middlewares/ST/STM32_USB_Device_Library/Core/Src/usbd_core.o
                                      0xd0f72 (size before relaxing)
 .debug_str     0x00000000000d4e55      0x14d Middlewares/ST/STM32_USB_Device_Library/Core/Src/usbd_ctlreq.o
                                      0xd0f30 (size before relaxing)
 .debug_str     0x00000000000d4fa2       0xc9 Middlewares/ST/STM32_USB_Device_Library/Core/Src/usbd_ioreq.o
                                      0xd0e80 (size before relaxing)
 .debug_str     0x00000000000d506b       0xb5 USB_DEVICE/App/usb_device.o
                                      0xd1003 (size before relaxing)
 .debug_str     0x00000000000d5120      0x26e USB_DEVICE/App/usbd_desc.o
                                      0xd0dd2 (size before relaxing)
 .debug_str     0x00000000000d538e      0x164 USB_DEVICE/Target/usbd_conf.o
                                      0xd1610 (size before relaxing)

.comment        0x0000000000000000       0x7b
 .comment       0x0000000000000000       0x7b Core/Src/main.o
                                         0x7c (size before relaxing)
 .comment       0x000000000000007b       0x7c Core/Src/stm32f4xx_hal_msp.o
 .comment       0x000000000000007b       0x7c Core/Src/stm32f4xx_it.o
 .comment       0x000000000000007b       0x7c Core/Src/sysmem.o
 .comment       0x000000000000007b       0x7c Core/Src/system_stm32f4xx.o
 .comment       0x000000000000007b       0x7c Drivers/STM32F4xx_HAL_Driver/Src/stm32f4xx_hal.o
 .comment       0x000000000000007b       0x7c Drivers/STM32F4xx_HAL_Driver/Src/stm32f4xx_hal_cortex.o
 .comment       0x000000000000007b       0x7c Drivers/STM32F4xx_HAL_Driver/Src/stm32f4xx_hal_gpio.o
 .comment       0x000000000000007b       0x7c Drivers/STM32F4xx_HAL_Driver/Src/stm32f4xx_hal_pcd.o
 .comment       0x000000000000007b       0x7c Drivers/STM32F4xx_HAL_Driver/Src/stm32f4xx_hal_pcd_ex.o
 .comment       0x000000000000007b       0x7c Drivers/STM32F4xx_HAL_Driver/Src/stm32f4xx_hal_rcc.o
 .comment       0x000000000000007b       0x7c Drivers/STM32F4xx_HAL_Driver/Src/stm32f4xx_hal_uart.o
 .comment       0x000000000000007b       0x7c Drivers/STM32F4xx_HAL_Driver/Src/stm32f4xx_ll_usb.o
 .comment       0x000000000000007b       0x7c Middlewares/ST/STM32_USB_Device_Library/Class/HID/Src/usbd_hid.o
 .comment       0x000000000000007b       0x7c Middlewares/ST/STM32_USB_Device_Library/Core/Src/usbd_core.o
 .comment       0x000000000000007b       0x7c Middlewares/ST/STM32_USB_Device_Library/Core/Src/usbd_ctlreq.o
 .comment       0x000000000000007b       0x7c Middlewares/ST/STM32_USB_Device_Library/Core/Src/usbd_ioreq.o
 .comment       0x000000000000007b       0x7c USB_DEVICE/App/usb_device.o
 .comment       0x000000000000007b       0x7c USB_DEVICE/App/usbd_desc.o
 .comment       0x000000000000007b       0x7c USB_DEVICE/Target/usbd_conf.o

.debug_frame    0x0000000000000000     0x382c
 .debug_frame   0x0000000000000000       0xfc Core/Src/main.o
 .debug_frame   0x00000000000000fc       0x80 Core/Src/stm32f4xx_hal_msp.o
 .debug_frame   0x000000000000017c      0x10c Core/Src/stm32f4xx_it.o
 .debug_frame   0x0000000000000288       0x34 Core/Src/sysmem.o
 .debug_frame   0x00000000000002bc       0x58 Core/Src/system_stm32f4xx.o
 .debug_frame   0x0000000000000314      0x3b4 Drivers/STM32F4xx_HAL_Driver/Src/stm32f4xx_hal.o
 .debug_frame   0x00000000000006c8      0x498 Drivers/STM32F4xx_HAL_Driver/Src/stm32f4xx_hal_cortex.o
 .debug_frame   0x0000000000000b60      0x14c Drivers/STM32F4xx_HAL_Driver/Src/stm32f4xx_hal_gpio.o
 .debug_frame   0x0000000000000cac      0x54c Drivers/STM32F4xx_HAL_Driver/Src/stm32f4xx_hal_pcd.o
 .debug_frame   0x00000000000011f8       0xb0 Drivers/STM32F4xx_HAL_Driver/Src/stm32f4xx_hal_pcd_ex.o
 .debug_frame   0x00000000000012a8      0x1f0 Drivers/STM32F4xx_HAL_Driver/Src/stm32f4xx_hal_rcc.o
 .debug_frame   0x0000000000001498      0x844 Drivers/STM32F4xx_HAL_Driver/Src/stm32f4xx_hal_uart.o
 .debug_frame   0x0000000000001cdc      0x790 Drivers/STM32F4xx_HAL_Driver/Src/stm32f4xx_ll_usb.o